This file contains any messages produced by compilers while
running configure, to aid debugging if configure makes a mistake.

It was created by libnsl configure 2.0.1, which was
generated by GNU Autoconf 2.69.  Invocation command line was

  $ ./configure --prefix=/tmp/lfs-tools

## --------- ##
## Platform. ##
## --------- ##

hostname = livecd
uname -m = x86_64
uname -r = 7.1.3-gentoo-dist
uname -s = Linux
uname -v = #1 SMP PREEMPT_DYNAMIC Mon Jul  6 03:50:57 UTC 2026

/usr/bin/uname -p = AMD Ryzen Threadripper 7980X 64-Cores
/bin/uname -X     = unknown

/bin/arch              = x86_64
/usr/bin/arch -k       = unknown
/usr/convex/getsysinfo = unknown
/usr/bin/hostinfo      = unknown
/bin/machine           = unknown
/usr/bin/oslevel       = unknown
/bin/universe          = unknown

PATH: /tmp/lfs-tools/bin
PATH: /usr/local/sbin
PATH: /usr/local/bin
PATH: /usr/bin
PATH: /opt/bin
PATH: /usr/lib/llvm/22/bin


## ----------- ##
## Core tests. ##
## ----------- ##

configure:2301: checking for a BSD-compatible install
configure:2369: result: /tmp/lfs-tools/bin/install -c
configure:2380: checking whether build environment is sane
configure:2435: result: yes
configure:2586: checking for a thread-safe mkdir -p
configure:2625: result: /tmp/lfs-tools/bin/mkdir -p
configure:2632: checking for gawk
configure:2648: found /tmp/lfs-tools/bin/gawk
configure:2659: result: gawk
configure:2670: checking whether make sets $(MAKE)
configure:2692: result: yes
configure:2721: checking whether make supports nested variables
configure:2738: result: yes
configure:2921: checking for gcc
configure:2937: found /usr/bin/gcc
configure:2948: result: gcc
configure:3177: checking for C compiler version
configure:3186: gcc --version >&5
gcc (Gentoo 15.3.0 p8) 15.3.0
Copyright (C) 2025 Free Software Foundation, Inc.
This is free software; see the source for copying conditions.  There is NO
warranty; not even for MERCHANTABILITY or FITNESS FOR A PARTICULAR PURPOSE.

configure:3197: $? = 0
configure:3186: gcc -v >&5
Using built-in specs.
COLLECT_GCC=gcc
COLLECT_LTO_WRAPPER=/usr/libexec/gcc/x86_64-pc-linux-gnu/15/lto-wrapper
OFFLOAD_TARGET_NAMES=nvptx-none
OFFLOAD_TARGET_DEFAULT=1
Target: x86_64-pc-linux-gnu
Configured with: /var/tmp/portage/sys-devel/gcc-15.3.0/work/gcc-15.3.0/configure --host=x86_64-pc-linux-gnu --build=x86_64-pc-linux-gnu --prefix=/usr --bindir=/usr/x86_64-pc-linux-gnu/gcc-bin/15 --includedir=/usr/lib/gcc/x86_64-pc-linux-gnu/15/include --datadir=/usr/share/gcc-data/x86_64-pc-linux-gnu/15 --mandir=/usr/share/gcc-data/x86_64-pc-linux-gnu/15/man --infodir=/usr/share/gcc-data/x86_64-pc-linux-gnu/15/info --with-gxx-include-dir=/usr/lib/gcc/x86_64-pc-linux-gnu/15/include/g++-v15 --disable-silent-rules --disable-dependency-tracking --with-python-dir=/share/gcc-data/x86_64-pc-linux-gnu/15/python --enable-languages=c,c++,fortran --enable-obsolete --enable-secureplt --disable-werror --with-system-zlib --enable-nls --without-included-gettext --disable-libunwind-exceptions --enable-checking=release --with-bugurl=https://bugs.gentoo.org/ --with-pkgversion='Gentoo 15.3.0 p8' --with-gcc-major-version-only --enable-libstdcxx-time --enable-lto --disable-libstdcxx-pch --enable-linker-build-id --disable-libada --enable-shared --enable-threads=posix --enable-__cxa_atexit --enable-clocale=gnu --enable-multilib --with-multilib-list=m32,m64 --disable-fixed-point --enable-targets=all --enable-offload-defaulted --enable-offload-targets=nvptx-none --enable-libgomp --disable-libssp --enable-cet --disable-systemtap --disable-valgrind-annotations --disable-vtable-verify --disable-libvtv --with-zstd --without-isl --enable-default-pie --enable-host-pie --enable-host-bind-now --enable-default-ssp --disable-fixincludes --with-gxx-libcxx-include-dir=/usr/include/c++/v1 --with-build-config=bootstrap-cet
Thread model: posix
Supported LTO compression algorithms: zlib zstd
gcc version 15.3.0 (Gentoo 15.3.0 p8) 
... rest of stderr output deleted ...
configure:3197: $? = 0
configure:3186: gcc -V >&5
gcc: error: unrecognized command-line option '-V'
gcc: fatal error: no input files
compilation terminated.
configure:3197: $? = 1
configure:3186: gcc -qversion >&5
gcc: error: unrecognized command-line option '-qversion'; did you mean '--version'?
gcc: fatal error: no input files
compilation terminated.
configure:3197: $? = 1
configure:3217: checking whether the C compiler works
configure:3239: gcc    conftest.c  >&5
configure:3243: $? = 0
configure:3291: result: yes
configure:3294: checking for C compiler default output file name
configure:3296: result: a.out
configure:3302: checking for suffix of executables
configure:3309: gcc -o conftest    conftest.c  >&5
configure:3313: $? = 0
configure:3335: result: 
configure:3357: checking whether we are cross compiling
configure:3365: gcc -o conftest    conftest.c  >&5
configure:3369: $? = 0
configure:3376: ./conftest
configure:3380: $? = 0
configure:3395: result: no
configure:3400: checking for suffix of object files
configure:3422: gcc -c   conftest.c >&5
configure:3426: $? = 0
configure:3447: result: o
configure:3451: checking whether we are using the GNU C compiler
configure:3470: gcc -c   conftest.c >&5
configure:3470: $? = 0
configure:3479: result: yes
configure:3488: checking whether gcc accepts -g
configure:3508: gcc -c -g  conftest.c >&5
configure:3508: $? = 0
configure:3549: result: yes
configure:3566: checking for gcc option to accept ISO C89
configure:3629: gcc  -c -g -O2  conftest.c >&5
conftest.c: In function 'e':
conftest.c:17:14: warning: old-style function definition [-Wold-style-definition]
   17 | static char *e (p, i)
      |              ^
configure:3629: $? = 0
configure:3642: result: none needed
configure:3667: checking whether gcc understands -c and -o together
configure:3689: gcc -c conftest.c -o conftest2.o
configure:3692: $? = 0
configure:3689: gcc -c conftest.c -o conftest2.o
configure:3692: $? = 0
configure:3704: result: yes
configure:3732: checking for style of include used by make
configure:3760: result: GNU
configure:3786: checking dependency style of gcc
configure:3897: result: gcc3
configure:3918: checking how to run the C preprocessor
configure:3949: gcc -E  conftest.c
configure:3949: $? = 0
configure:3963: gcc -E  conftest.c
conftest.c:11:10: fatal error: ac_nonexistent.h: No such file or directory
   11 | #include <ac_nonexistent.h>
      |          ^~~~~~~~~~~~~~~~~~
compilation terminated.
configure:3963: $? = 1
configure: failed program was:
| /* confdefs.h */
| #define PACKAGE_NAME "libnsl"
| #define PACKAGE_TARNAME "libnsl"
| #define PACKAGE_VERSION "2.0.1"
| #define PACKAGE_STRING "libnsl 2.0.1"
| #define PACKAGE_BUGREPORT ""
| #define PACKAGE_URL ""
| #define PACKAGE "libnsl"
| #define VERSION "2.0.1"
| /* end confdefs.h.  */
| #include <ac_nonexistent.h>
configure:3988: result: gcc -E
configure:4008: gcc -E  conftest.c
configure:4008: $? = 0
configure:4022: gcc -E  conftest.c
conftest.c:11:10: fatal error: ac_nonexistent.h: No such file or directory
   11 | #include <ac_nonexistent.h>
      |          ^~~~~~~~~~~~~~~~~~
compilation terminated.
configure:4022: $? = 1
configure: failed program was:
| /* confdefs.h */
| #define PACKAGE_NAME "libnsl"
| #define PACKAGE_TARNAME "libnsl"
| #define PACKAGE_VERSION "2.0.1"
| #define PACKAGE_STRING "libnsl 2.0.1"
| #define PACKAGE_BUGREPORT ""
| #define PACKAGE_URL ""
| #define PACKAGE "libnsl"
| #define VERSION "2.0.1"
| /* end confdefs.h.  */
| #include <ac_nonexistent.h>
configure:4051: checking for grep that handles long lines and -e
configure:4109: result: /tmp/lfs-tools/bin/grep
configure:4114: checking for egrep
configure:4176: result: /tmp/lfs-tools/bin/grep -E
configure:4181: checking for ANSI C header files
configure:4201: gcc -c -g -O2  conftest.c >&5
configure:4201: $? = 0
configure:4274: gcc -o conftest -g -O2   conftest.c  >&5
configure:4274: $? = 0
configure:4274: ./conftest
configure:4274: $? = 0
configure:4285: result: yes
configure:4298: checking for sys/types.h
configure:4298: gcc -c -g -O2  conftest.c >&5
configure:4298: $? = 0
configure:4298: result: yes
configure:4298: checking for sys/stat.h
configure:4298: gcc -c -g -O2  conftest.c >&5
configure:4298: $? = 0
configure:4298: result: yes
configure:4298: checking for stdlib.h
configure:4298: gcc -c -g -O2  conftest.c >&5
configure:4298: $? = 0
configure:4298: result: yes
configure:4298: checking for string.h
configure:4298: gcc -c -g -O2  conftest.c >&5
configure:4298: $? = 0
configure:4298: result: yes
configure:4298: checking for memory.h
configure:4298: gcc -c -g -O2  conftest.c >&5
configure:4298: $? = 0
configure:4298: result: yes
configure:4298: checking for strings.h
configure:4298: gcc -c -g -O2  conftest.c >&5
configure:4298: $? = 0
configure:4298: result: yes
configure:4298: checking for inttypes.h
configure:4298: gcc -c -g -O2  conftest.c >&5
configure:4298: $? = 0
configure:4298: result: yes
configure:4298: checking for stdint.h
configure:4298: gcc -c -g -O2  conftest.c >&5
configure:4298: $? = 0
configure:4298: result: yes
configure:4298: checking for unistd.h
configure:4298: gcc -c -g -O2  conftest.c >&5
configure:4298: $? = 0
configure:4298: result: yes
configure:4311: checking minix/config.h usability
configure:4311: gcc -c -g -O2  conftest.c >&5
conftest.c:54:10: fatal error: minix/config.h: No such file or directory
   54 | #include <minix/config.h>
      |          ^~~~~~~~~~~~~~~~
compilation terminated.
configure:4311: $? = 1
configure: failed program was:
| /* confdefs.h */
| #define PACKAGE_NAME "libnsl"
| #define PACKAGE_TARNAME "libnsl"
| #define PACKAGE_VERSION "2.0.1"
| #define PACKAGE_STRING "libnsl 2.0.1"
| #define PACKAGE_BUGREPORT ""
| #define PACKAGE_URL ""
| #define PACKAGE "libnsl"
| #define VERSION "2.0.1"
| #define STDC_HEADERS 1
| #define HAVE_SYS_TYPES_H 1
| #define HAVE_SYS_STAT_H 1
| #define HAVE_STDLIB_H 1
| #define HAVE_STRING_H 1
| #define HAVE_MEMORY_H 1
| #define HAVE_STRINGS_H 1
| #define HAVE_INTTYPES_H 1
| #define HAVE_STDINT_H 1
| #define HAVE_UNISTD_H 1
| /* end confdefs.h.  */
| #include <stdio.h>
| #ifdef HAVE_SYS_TYPES_H
| # include <sys/types.h>
| #endif
| #ifdef HAVE_SYS_STAT_H
| # include <sys/stat.h>
| #endif
| #ifdef STDC_HEADERS
| # include <stdlib.h>
| # include <stddef.h>
| #else
| # ifdef HAVE_STDLIB_H
| #  include <stdlib.h>
| # endif
| #endif
| #ifdef HAVE_STRING_H
| # if !defined STDC_HEADERS && defined HAVE_MEMORY_H
| #  include <memory.h>
| # endif
| # include <string.h>
| #endif
| #ifdef HAVE_STRINGS_H
| # include <strings.h>
| #endif
| #ifdef HAVE_INTTYPES_H
| # include <inttypes.h>
| #endif
| #ifdef HAVE_STDINT_H
| # include <stdint.h>
| #endif
| #ifdef HAVE_UNISTD_H
| # include <unistd.h>
| #endif
| #include <minix/config.h>
configure:4311: result: no
configure:4311: checking minix/config.h presence
configure:4311: gcc -E  conftest.c
conftest.c:21:10: fatal error: minix/config.h: No such file or directory
   21 | #include <minix/config.h>
      |          ^~~~~~~~~~~~~~~~
compilation terminated.
configure:4311: $? = 1
configure: failed program was:
| /* confdefs.h */
| #define PACKAGE_NAME "libnsl"
| #define PACKAGE_TARNAME "libnsl"
| #define PACKAGE_VERSION "2.0.1"
| #define PACKAGE_STRING "libnsl 2.0.1"
| #define PACKAGE_BUGREPORT ""
| #define PACKAGE_URL ""
| #define PACKAGE "libnsl"
| #define VERSION "2.0.1"
| #define STDC_HEADERS 1
| #define HAVE_SYS_TYPES_H 1
| #define HAVE_SYS_STAT_H 1
| #define HAVE_STDLIB_H 1
| #define HAVE_STRING_H 1
| #define HAVE_MEMORY_H 1
| #define HAVE_STRINGS_H 1
| #define HAVE_INTTYPES_H 1
| #define HAVE_STDINT_H 1
| #define HAVE_UNISTD_H 1
| /* end confdefs.h.  */
| #include <minix/config.h>
configure:4311: result: no
configure:4311: checking for minix/config.h
configure:4311: result: no
configure:4332: checking whether it is safe to define __EXTENSIONS__
configure:4350: gcc -c -g -O2  conftest.c >&5
configure:4350: $? = 0
configure:4357: result: yes
configure:4379: checking how to run the C preprocessor
configure:4449: result: gcc -E
configure:4469: gcc -E  conftest.c
configure:4469: $? = 0
configure:4483: gcc -E  conftest.c
conftest.c:26:10: fatal error: ac_nonexistent.h: No such file or directory
   26 | #include <ac_nonexistent.h>
      |          ^~~~~~~~~~~~~~~~~~
compilation terminated.
configure:4483: $? = 1
configure: failed program was:
| /* confdefs.h */
| #define PACKAGE_NAME "libnsl"
| #define PACKAGE_TARNAME "libnsl"
| #define PACKAGE_VERSION "2.0.1"
| #define PACKAGE_STRING "libnsl 2.0.1"
| #define PACKAGE_BUGREPORT ""
| #define PACKAGE_URL ""
| #define PACKAGE "libnsl"
| #define VERSION "2.0.1"
| #define STDC_HEADERS 1
| #define HAVE_SYS_TYPES_H 1
| #define HAVE_SYS_STAT_H 1
| #define HAVE_STDLIB_H 1
| #define HAVE_STRING_H 1
| #define HAVE_MEMORY_H 1
| #define HAVE_STRINGS_H 1
| #define HAVE_INTTYPES_H 1
| #define HAVE_STDINT_H 1
| #define HAVE_UNISTD_H 1
| #define __EXTENSIONS__ 1
| #define _ALL_SOURCE 1
| #define _GNU_SOURCE 1
| #define _POSIX_PTHREAD_SEMANTICS 1
| #define _TANDEM_SOURCE 1
| /* end confdefs.h.  */
| #include <ac_nonexistent.h>
configure:4511: checking for library containing strerror
configure:4542: gcc -o conftest -g -O2   conftest.c  >&5
configure:4542: $? = 0
configure:4559: result: none required
configure:4568: checking whether make sets $(MAKE)
configure:4590: result: yes
configure:4628: checking build system type
configure:4642: result: x86_64-pc-linux-gnu
configure:4662: checking host system type
configure:4675: result: x86_64-pc-linux-gnu
configure:4716: checking how to print strings
configure:4743: result: printf
configure:4764: checking for a sed that does not truncate output
configure:4828: result: /usr/bin/sed
configure:4846: checking for fgrep
configure:4908: result: /tmp/lfs-tools/bin/grep -F
configure:4943: checking for ld used by gcc
configure:5010: result: /usr/x86_64-pc-linux-gnu/bin/ld
configure:5017: checking if the linker (/usr/x86_64-pc-linux-gnu/bin/ld) is GNU ld
configure:5032: result: yes
configure:5044: checking for BSD- or MS-compatible name lister (nm)
configure:5098: result: /usr/bin/nm -B
configure:5228: checking the name lister (/usr/bin/nm -B) interface
configure:5235: gcc -c -g -O2  conftest.c >&5
configure:5238: /usr/bin/nm -B "conftest.o"
configure:5241: output
0000000000000000 B some_variable
configure:5248: result: BSD nm
configure:5251: checking whether ln -s works
configure:5255: result: yes
configure:5263: checking the maximum length of command line arguments
configure:5394: result: 1572864
configure:5442: checking how to convert x86_64-pc-linux-gnu file names to x86_64-pc-linux-gnu format
configure:5482: result: func_convert_file_noop
configure:5489: checking how to convert x86_64-pc-linux-gnu file names to toolchain format
configure:5509: result: func_convert_file_noop
configure:5516: checking for /usr/x86_64-pc-linux-gnu/bin/ld option to reload object files
configure:5523: result: -r
configure:5597: checking for objdump
configure:5613: found /usr/bin/objdump
configure:5624: result: objdump
configure:5656: checking how to recognize dependent libraries
configure:5856: result: pass_all
configure:5941: checking for dlltool
configure:5971: result: no
configure:6001: checking how to associate runtime and link libraries
configure:6028: result: printf %s\n
configure:6088: checking for ar
configure:6104: found /usr/bin/ar
configure:6115: result: ar
configure:6152: checking for archiver @FILE support
configure:6169: gcc -c -g -O2  conftest.c >&5
configure:6169: $? = 0
configure:6172: ar cru libconftest.a @conftest.lst >&5
configure:6175: $? = 0
configure:6180: ar cru libconftest.a @conftest.lst >&5
ar: conftest.o: No such file or directory
configure:6183: $? = 1
configure:6195: result: @
configure:6253: checking for strip
configure:6269: found /usr/bin/strip
configure:6280: result: strip
configure:6352: checking for ranlib
configure:6368: found /usr/bin/ranlib
configure:6379: result: ranlib
configure:6481: checking command to parse /usr/bin/nm -B output from gcc object
configure:6634: gcc -c -g -O2  conftest.c >&5
configure:6637: $? = 0
configure:6641: /usr/bin/nm -B conftest.o \| sed -n -e 's/^.*[ ]\([ABCDGIRSTW][ABCDGIRSTW]*\)[ ][ ]*\([_A-Za-z][_A-Za-z0-9]*\)$/\1 \2 \2/p' | sed '/ __gnu_lto/d' \> conftest.nm
configure:6644: $? = 0
configure:6710: gcc -o conftest -g -O2   conftest.c conftstm.o >&5
configure:6713: $? = 0
configure:6751: result: ok
configure:6798: checking for sysroot
configure:6828: result: no
configure:6835: checking for a working dd
configure:6873: result: /tmp/lfs-tools/bin/dd
configure:6877: checking how to truncate binary pipes
configure:6892: result: /tmp/lfs-tools/bin/dd bs=4096 count=1
configure:7028: gcc -c -g -O2  conftest.c >&5
configure:7031: $? = 0
configure:7221: checking for mt
configure:7237: found /usr/bin/mt
configure:7248: result: mt
configure:7271: checking if mt is a manifest tool
configure:7277: mt '-?'
usage: mt [-v] [--version] [-h] [ -f device ] command [ count ]
default tape device: /dev/tape
configure:7285: result: no
configure:7959: checking for dlfcn.h
configure:7959: gcc -c -g -O2  conftest.c >&5
configure:7959: $? = 0
configure:7959: result: yes
configure:8215: checking for objdir
configure:8230: result: .libs
configure:8494: checking if gcc supports -fno-rtti -fno-exceptions
configure:8512: gcc -c -g -O2  -fno-rtti -fno-exceptions conftest.c >&5
cc1: warning: command-line option '-fno-rtti' is valid for C++/D/ObjC++ but not for C
configure:8516: $? = 0
configure:8529: result: no
configure:8887: checking for gcc option to produce PIC
configure:8894: result: -fPIC -DPIC
configure:8902: checking if gcc PIC flag -fPIC -DPIC works
configure:8920: gcc -c -g -O2  -fPIC -DPIC -DPIC conftest.c >&5
configure:8924: $? = 0
configure:8937: result: yes
configure:8966: checking if gcc static flag -static works
configure:8994: result: yes
configure:9009: checking if gcc supports -c -o file.o
configure:9030: gcc -c -g -O2  -o out/conftest2.o conftest.c >&5
configure:9034: $? = 0
configure:9056: result: yes
configure:9064: checking if gcc supports -c -o file.o
configure:9111: result: yes
configure:9144: checking whether the gcc linker (/usr/x86_64-pc-linux-gnu/bin/ld -m elf_x86_64) supports shared libraries
configure:10403: result: yes
configure:10440: checking whether -lc should be explicitly linked in
configure:10448: gcc -c -g -O2  conftest.c >&5
configure:10451: $? = 0
configure:10466: gcc -shared  -fPIC -DPIC conftest.o  -v -Wl,-soname -Wl,conftest -o conftest 2\>\&1 \| /tmp/lfs-tools/bin/grep  -lc  \>/dev/null 2\>\&1
configure:10469: $? = 0
configure:10483: result: no
configure:10643: checking dynamic linker characteristics
configure:11224: gcc -o conftest -g -O2   -Wl,-rpath -Wl,/foo conftest.c  >&5
configure:11224: $? = 0
configure:11461: result: GNU/Linux ld.so
configure:11583: checking how to hardcode library paths into programs
configure:11608: result: immediate
configure:12156: checking whether stripping libraries is possible
configure:12161: result: yes
configure:12196: checking if libtool supports shared libraries
configure:12198: result: yes
configure:12201: checking whether to build shared libraries
configure:12226: result: yes
configure:12229: checking whether to build static libraries
configure:12233: result: yes
configure:12326: checking for pkg-config
configure:12344: found /usr/bin/pkg-config
configure:12356: result: /usr/bin/pkg-config
configure:12381: checking pkg-config is at least version 0.9.0
configure:12384: result: yes
configure:12394: checking for libtirpc
configure:12401: $PKG_CONFIG --exists --print-errors "libtirpc"
configure:12404: $? = 0
configure:12418: $PKG_CONFIG --exists --print-errors "libtirpc"
configure:12421: $? = 0
configure:12459: result: yes
configure:12473: checking whether NLS is requested
configure:12482: result: yes
configure:12522: checking for msgfmt
configure: trying /tmp/lfs-tools/bin/msgfmt...
0 translated messages.
configure:12554: result: /tmp/lfs-tools/bin/msgfmt
configure:12563: checking for gmsgfmt
configure:12581: found /usr/bin/gmsgfmt
configure:12594: result: /usr/bin/gmsgfmt
configure:12639: checking for xgettext
configure: trying /tmp/lfs-tools/bin/xgettext...
/tmp/lfs-tools/bin/xgettext: warning: file '/dev/null' extension '' is unknown; will try C
configure:12671: result: /tmp/lfs-tools/bin/xgettext
configure:12716: checking for msgmerge
configure: trying /tmp/lfs-tools/bin/msgmerge...
configure:12747: result: /tmp/lfs-tools/bin/msgmerge
configure:12811: checking for ld
configure:12939: result: /usr/x86_64-pc-linux-gnu/bin/ld -m elf_x86_64
configure:12946: checking if the linker (/usr/x86_64-pc-linux-gnu/bin/ld -m elf_x86_64) is GNU ld
configure:12961: result: yes
configure:12968: checking for shared library run path origin
configure:12981: result: done
configure:13002: checking 32-bit host C ABI
configure:13068: gcc -c -g -O2  conftest.c >&5
configure:13068: $? = 0
configure:13255: result: no
configure:13264: checking for ELF binary format
configure:13286: result: yes
configure:13335: checking for the common suffixes of directories in the library search path
configure:13403: result: lib,lib,lib64
configure:13920: checking for CFPreferencesCopyAppValue
configure:13938: gcc -o conftest -g -O2   conftest.c  -Wl,-framework -Wl,CoreFoundation >&5
conftest.c:29:10: fatal error: CoreFoundation/CFPreferences.h: No such file or directory
   29 | #include <CoreFoundation/CFPreferences.h>
      |          ^~~~~~~~~~~~~~~~~~~~~~~~~~~~~~~~
compilation terminated.
configure:13938: $? = 1
configure: failed program was:
| /* confdefs.h */
| #define PACKAGE_NAME "libnsl"
| #define PACKAGE_TARNAME "libnsl"
| #define PACKAGE_VERSION "2.0.1"
| #define PACKAGE_STRING "libnsl 2.0.1"
| #define PACKAGE_BUGREPORT ""
| #define PACKAGE_URL ""
| #define PACKAGE "libnsl"
| #define VERSION "2.0.1"
| #define STDC_HEADERS 1
| #define HAVE_SYS_TYPES_H 1
| #define HAVE_SYS_STAT_H 1
| #define HAVE_STDLIB_H 1
| #define HAVE_STRING_H 1
| #define HAVE_MEMORY_H 1
| #define HAVE_STRINGS_H 1
| #define HAVE_INTTYPES_H 1
| #define HAVE_STDINT_H 1
| #define HAVE_UNISTD_H 1
| #define __EXTENSIONS__ 1
| #define _ALL_SOURCE 1
| #define _GNU_SOURCE 1
| #define _POSIX_PTHREAD_SEMANTICS 1
| #define _TANDEM_SOURCE 1
| #define HAVE_DLFCN_H 1
| #define LT_OBJDIR ".libs/"
| #define HAVE_TIRPC 1
| /* end confdefs.h.  */
| #include <CoreFoundation/CFPreferences.h>
| int
| main ()
| {
| CFPreferencesCopyAppValue(NULL, NULL)
|   ;
|   return 0;
| }
configure:13947: result: no
configure:13954: checking for CFLocaleCopyPreferredLanguages
configure:13972: gcc -o conftest -g -O2   conftest.c  -Wl,-framework -Wl,CoreFoundation >&5
conftest.c:29:10: fatal error: CoreFoundation/CFLocale.h: No such file or directory
   29 | #include <CoreFoundation/CFLocale.h>
      |          ^~~~~~~~~~~~~~~~~~~~~~~~~~~
compilation terminated.
configure:13972: $? = 1
configure: failed program was:
| /* confdefs.h */
| #define PACKAGE_NAME "libnsl"
| #define PACKAGE_TARNAME "libnsl"
| #define PACKAGE_VERSION "2.0.1"
| #define PACKAGE_STRING "libnsl 2.0.1"
| #define PACKAGE_BUGREPORT ""
| #define PACKAGE_URL ""
| #define PACKAGE "libnsl"
| #define VERSION "2.0.1"
| #define STDC_HEADERS 1
| #define HAVE_SYS_TYPES_H 1
| #define HAVE_SYS_STAT_H 1
| #define HAVE_STDLIB_H 1
| #define HAVE_STRING_H 1
| #define HAVE_MEMORY_H 1
| #define HAVE_STRINGS_H 1
| #define HAVE_INTTYPES_H 1
| #define HAVE_STDINT_H 1
| #define HAVE_UNISTD_H 1
| #define __EXTENSIONS__ 1
| #define _ALL_SOURCE 1
| #define _GNU_SOURCE 1
| #define _POSIX_PTHREAD_SEMANTICS 1
| #define _TANDEM_SOURCE 1
| #define HAVE_DLFCN_H 1
| #define LT_OBJDIR ".libs/"
| #define HAVE_TIRPC 1
| /* end confdefs.h.  */
| #include <CoreFoundation/CFLocale.h>
| int
| main ()
| {
| CFLocaleCopyPreferredLanguages();
|   ;
|   return 0;
| }
configure:13981: result: no
configure:14031: checking for GNU gettext in libc
configure:14060: gcc -o conftest -g -O2   conftest.c  >&5
configure:14060: $? = 0
configure:14069: result: yes
configure:14950: checking whether to use NLS
configure:14952: result: yes
configure:14955: checking where the gettext function comes from
configure:14966: result: libc
configure:15134: checking that generated files are newer than configure
configure:15140: result: done
configure:15163: creating ./config.status

## ---------------------- ##
## Running config.status. ##
## ---------------------- ##

This file was extended by libnsl config.status 2.0.1, which was
generated by GNU Autoconf 2.69.  Invocation command line was

  CONFIG_FILES    = 
  CONFIG_HEADERS  = 
  CONFIG_LINKS    = 
  CONFIG_COMMANDS = 
  $ ./config.status 

on livecd

config.status:1125: creating Makefile
config.status:1125: creating src/Makefile
config.status:1125: creating libnsl.pc
config.status:1125: creating po/Makefile.in
config.status:1125: creating config.h
config.status:1354: executing depfiles commands
config.status:1354: executing libtool commands
config.status:1354: executing po-directories commands

## ---------------- ##
## Cache variables. ##
## ---------------- ##

ac_cv_build=x86_64-pc-linux-gnu
ac_cv_c_compiler_gnu=yes
ac_cv_env_CC_set=
ac_cv_env_CC_value=
ac_cv_env_CFLAGS_set=
ac_cv_env_CFLAGS_value=
ac_cv_env_CPPFLAGS_set=
ac_cv_env_CPPFLAGS_value=
ac_cv_env_CPP_set=
ac_cv_env_CPP_value=
ac_cv_env_LDFLAGS_set=
ac_cv_env_LDFLAGS_value=
ac_cv_env_LIBS_set=
ac_cv_env_LIBS_value=
ac_cv_env_LT_SYS_LIBRARY_PATH_set=
ac_cv_env_LT_SYS_LIBRARY_PATH_value=
ac_cv_env_PKG_CONFIG_LIBDIR_set=
ac_cv_env_PKG_CONFIG_LIBDIR_value=
ac_cv_env_PKG_CONFIG_PATH_set=
ac_cv_env_PKG_CONFIG_PATH_value=
ac_cv_env_PKG_CONFIG_set=
ac_cv_env_PKG_CONFIG_value=
ac_cv_env_TIRPC_CFLAGS_set=
ac_cv_env_TIRPC_CFLAGS_value=
ac_cv_env_TIRPC_LIBS_set=
ac_cv_env_TIRPC_LIBS_value=
ac_cv_env_build_alias_set=
ac_cv_env_build_alias_value=
ac_cv_env_host_alias_set=
ac_cv_env_host_alias_value=
ac_cv_env_target_alias_set=
ac_cv_env_target_alias_value=
ac_cv_header_dlfcn_h=yes
ac_cv_header_inttypes_h=yes
ac_cv_header_memory_h=yes
ac_cv_header_minix_config_h=no
ac_cv_header_stdc=yes
ac_cv_header_stdint_h=yes
ac_cv_header_stdlib_h=yes
ac_cv_header_string_h=yes
ac_cv_header_strings_h=yes
ac_cv_header_sys_stat_h=yes
ac_cv_header_sys_types_h=yes
ac_cv_header_unistd_h=yes
ac_cv_host=x86_64-pc-linux-gnu
ac_cv_objext=o
ac_cv_path_EGREP='/tmp/lfs-tools/bin/grep -E'
ac_cv_path_FGREP='/tmp/lfs-tools/bin/grep -F'
ac_cv_path_GMSGFMT=/usr/bin/gmsgfmt
ac_cv_path_GREP=/tmp/lfs-tools/bin/grep
ac_cv_path_MSGFMT=/tmp/lfs-tools/bin/msgfmt
ac_cv_path_MSGMERGE=/tmp/lfs-tools/bin/msgmerge
ac_cv_path_SED=/usr/bin/sed
ac_cv_path_XGETTEXT=/tmp/lfs-tools/bin/xgettext
ac_cv_path_ac_pt_PKG_CONFIG=/usr/bin/pkg-config
ac_cv_path_install='/tmp/lfs-tools/bin/install -c'
ac_cv_path_lt_DD=/tmp/lfs-tools/bin/dd
ac_cv_path_mkdir=/tmp/lfs-tools/bin/mkdir
ac_cv_prog_AWK=gawk
ac_cv_prog_CPP='gcc -E'
ac_cv_prog_ac_ct_AR=ar
ac_cv_prog_ac_ct_CC=gcc
ac_cv_prog_ac_ct_MANIFEST_TOOL=mt
ac_cv_prog_ac_ct_OBJDUMP=objdump
ac_cv_prog_ac_ct_RANLIB=ranlib
ac_cv_prog_ac_ct_STRIP=strip
ac_cv_prog_cc_c89=
ac_cv_prog_cc_g=yes
ac_cv_prog_make_make_set=yes
ac_cv_safe_to_define___extensions__=yes
ac_cv_search_strerror='none required'
acl_cv_hardcode_direct=no
acl_cv_hardcode_libdir_flag_spec='${wl}-rpath ${wl}$libdir'
acl_cv_hardcode_libdir_separator=
acl_cv_hardcode_minus_L=no
acl_cv_libdirstems=lib,lib,lib64
acl_cv_libext=a
acl_cv_libname_spec='lib$name'
acl_cv_library_names_spec='$libname$shrext'
acl_cv_prog_gnu_ld=yes
acl_cv_rpath=done
acl_cv_shlibext=so
acl_cv_wl=-Wl,
am_cv_CC_dependencies_compiler_type=gcc3
am_cv_make_support_nested_variables=yes
am_cv_prog_cc_c_o=yes
gl_cv_elf=yes
gl_cv_host_cpu_c_abi_32bit=no
gt_cv_func_CFLocaleCopyPreferredLanguages=no
gt_cv_func_CFPreferencesCopyAppValue=no
gt_cv_func_gnugettext1_libc=yes
lt_cv_ar_at_file=@
lt_cv_archive_cmds_need_lc=no
lt_cv_deplibs_check_method=pass_all
lt_cv_file_magic_cmd='$MAGIC_CMD'
lt_cv_file_magic_test_file=
lt_cv_ld_reload_flag=-r
lt_cv_nm_interface='BSD nm'
lt_cv_objdir=.libs
lt_cv_path_LD=/usr/x86_64-pc-linux-gnu/bin/ld
lt_cv_path_NM='/usr/bin/nm -B'
lt_cv_path_mainfest_tool=no
lt_cv_prog_compiler_c_o=yes
lt_cv_prog_compiler_pic='-fPIC -DPIC'
lt_cv_prog_compiler_pic_works=yes
lt_cv_prog_compiler_rtti_exceptions=no
lt_cv_prog_compiler_static_works=yes
lt_cv_prog_gnu_ld=yes
lt_cv_sharedlib_from_linklib_cmd='printf %s\n'
lt_cv_shlibpath_overrides_runpath=yes
lt_cv_sys_global_symbol_pipe='sed -n -e '\''s/^.*[	 ]\([ABCDGIRSTW][ABCDGIRSTW]*\)[	 ][	 ]*\([_A-Za-z][_A-Za-z0-9]*\)$/\1 \2 \2/p'\'' | sed '\''/ __gnu_lto/d'\'''
lt_cv_sys_global_symbol_to_c_name_address='sed -n -e '\''s/^: \(.*\) .*$/  {"\1", (void *) 0},/p'\'' -e '\''s/^[ABCDGIRSTW][ABCDGIRSTW]* .* \(.*\)$/  {"\1", (void *) \&\1},/p'\'''
lt_cv_sys_global_symbol_to_c_name_address_lib_prefix='sed -n -e '\''s/^: \(.*\) .*$/  {"\1", (void *) 0},/p'\'' -e '\''s/^[ABCDGIRSTW][ABCDGIRSTW]* .* \(lib.*\)$/  {"\1", (void *) \&\1},/p'\'' -e '\''s/^[ABCDGIRSTW][ABCDGIRSTW]* .* \(.*\)$/  {"lib\1", (void *) \&\1},/p'\'''
lt_cv_sys_global_symbol_to_cdecl='sed -n -e '\''s/^T .* \(.*\)$/extern int \1();/p'\'' -e '\''s/^[ABCDGIRSTW][ABCDGIRSTW]* .* \(.*\)$/extern char \1;/p'\'''
lt_cv_sys_global_symbol_to_import=
lt_cv_sys_max_cmd_len=1572864
lt_cv_to_host_file_cmd=func_convert_file_noop
lt_cv_to_tool_file_cmd=func_convert_file_noop
lt_cv_truncate_bin='/tmp/lfs-tools/bin/dd bs=4096 count=1'
pkg_cv_TIRPC_CFLAGS=-I/usr/include/tirpc
pkg_cv_TIRPC_LIBS=-ltirpc

## ----------------- ##
## Output variables. ##
## ----------------- ##

ACLOCAL='${SHELL} /home/gentoo/bfs-linux-install/ports/core/libnsl/work/src/libnsl-2.0.1/missing aclocal-1.15'
AMDEPBACKSLASH='\'
AMDEP_FALSE='#'
AMDEP_TRUE=''
AMTAR='$${TAR-tar}'
AM_BACKSLASH='\'
AM_DEFAULT_V='$(AM_DEFAULT_VERBOSITY)'
AM_DEFAULT_VERBOSITY='1'
AM_V='$(V)'
AR='ar'
AUTOCONF='${SHELL} /home/gentoo/bfs-linux-install/ports/core/libnsl/work/src/libnsl-2.0.1/missing autoconf'
AUTOHEADER='${SHELL} /home/gentoo/bfs-linux-install/ports/core/libnsl/work/src/libnsl-2.0.1/missing autoheader'
AUTOMAKE='${SHELL} /home/gentoo/bfs-linux-install/ports/core/libnsl/work/src/libnsl-2.0.1/missing automake-1.15'
AWK='gawk'
CC='gcc'
CCDEPMODE='depmode=gcc3'
CFLAGS='-g -O2'
CPP='gcc -E'
CPPFLAGS=''
CYGPATH_W='echo'
DEFS='-DHAVE_CONFIG_H'
DEPDIR='.deps'
DLLTOOL='false'
DSYMUTIL=''
DUMPBIN=''
ECHO_C=''
ECHO_N='-n'
ECHO_T=''
EGREP='/tmp/lfs-tools/bin/grep -E'
EXEEXT=''
FGREP='/tmp/lfs-tools/bin/grep -F'
GETTEXT_MACRO_VERSION='0.20'
GMSGFMT='/usr/bin/gmsgfmt'
GMSGFMT_015='/usr/bin/gmsgfmt'
GREP='/tmp/lfs-tools/bin/grep'
INSTALL_DATA='${INSTALL} -m 644'
INSTALL_PROGRAM='${INSTALL}'
INSTALL_SCRIPT='${INSTALL}'
INSTALL_STRIP_PROGRAM='$(install_sh) -c -s'
INTLLIBS=''
INTL_MACOSX_LIBS=''
LD='/usr/x86_64-pc-linux-gnu/bin/ld -m elf_x86_64'
LDFLAGS=''
LIBICONV='-liconv'
LIBINTL=''
LIBOBJS=''
LIBS=''
LIBTOOL='$(SHELL) $(top_builddir)/libtool'
LIPO=''
LN_S='ln -s'
LTLIBICONV='-liconv'
LTLIBINTL=''
LTLIBOBJS=''
LT_SYS_LIBRARY_PATH=''
MAKEINFO='${SHELL} /home/gentoo/bfs-linux-install/ports/core/libnsl/work/src/libnsl-2.0.1/missing makeinfo'
MANIFEST_TOOL=':'
MKDIR_P='/tmp/lfs-tools/bin/mkdir -p'
MSGFMT='/tmp/lfs-tools/bin/msgfmt'
MSGMERGE='/tmp/lfs-tools/bin/msgmerge'
MSGMERGE_FOR_MSGFMT_OPTION='--for-msgfmt'
NM='/usr/bin/nm -B'
NMEDIT=''
OBJDUMP='objdump'
OBJEXT='o'
OTOOL64=''
OTOOL=''
PACKAGE='libnsl'
PACKAGE_BUGREPORT=''
PACKAGE_NAME='libnsl'
PACKAGE_STRING='libnsl 2.0.1'
PACKAGE_TARNAME='libnsl'
PACKAGE_URL=''
PACKAGE_VERSION='2.0.1'
PATH_SEPARATOR=':'
PKG_CONFIG='/usr/bin/pkg-config'
PKG_CONFIG_LIBDIR=''
PKG_CONFIG_PATH=''
POSUB='po'
RANLIB='ranlib'
SED='/usr/bin/sed'
SET_MAKE=''
SHELL='/bin/sh'
STRIP='strip'
TIRPC_CFLAGS='-I/usr/include/tirpc'
TIRPC_LIBS='-ltirpc'
USE_NLS='yes'
VERSION='2.0.1'
WARNFLAGS='-W -Wall -Wbad-function-cast -Wcast-align -Winline -Wnested-externs -Wshadow -Wmissing-declarations -Wmissing-prototypes -Wstrict-prototypes -Wundef'
XGETTEXT='/tmp/lfs-tools/bin/xgettext'
XGETTEXT_015='/tmp/lfs-tools/bin/xgettext'
XGETTEXT_EXTRA_OPTIONS=''
ac_ct_AR='ar'
ac_ct_CC='gcc'
ac_ct_DUMPBIN=''
am__EXEEXT_FALSE=''
am__EXEEXT_TRUE='#'
am__fastdepCC_FALSE='#'
am__fastdepCC_TRUE=''
am__include='include'
am__isrc=''
am__leading_dot='.'
am__nodep='_no'
am__quote=''
am__tar='$${TAR-tar} chof - "$$tardir"'
am__untar='$${TAR-tar} xf -'
bindir='${exec_prefix}/bin'
build='x86_64-pc-linux-gnu'
build_alias=''
build_cpu='x86_64'
build_os='linux-gnu'
build_vendor='pc'
datadir='${datarootdir}'
datarootdir='${prefix}/share'
docdir='${datarootdir}/doc/${PACKAGE_TARNAME}'
dvidir='${docdir}'
exec_prefix='${prefix}'
host='x86_64-pc-linux-gnu'
host_alias=''
host_cpu='x86_64'
host_os='linux-gnu'
host_vendor='pc'
htmldir='${docdir}'
includedir='${prefix}/include'
infodir='${datarootdir}/info'
install_sh='${SHELL} /home/gentoo/bfs-linux-install/ports/core/libnsl/work/src/libnsl-2.0.1/install-sh'
libdir='${exec_prefix}/lib'
libexecdir='${exec_prefix}/libexec'
localedir='${datarootdir}/locale'
localstatedir='${prefix}/var'
mandir='${datarootdir}/man'
mkdir_p='$(MKDIR_P)'
oldincludedir='/usr/include'
pdfdir='${docdir}'
prefix='/tmp/lfs-tools'
program_transform_name='s,x,x,'
psdir='${docdir}'
sbindir='${exec_prefix}/sbin'
sharedstatedir='${prefix}/com'
sysconfdir='${prefix}/etc'
target_alias=''

## ----------- ##
## confdefs.h. ##
## ----------- ##

/* confdefs.h */
#define PACKAGE_NAME "libnsl"
#define PACKAGE_TARNAME "libnsl"
#define PACKAGE_VERSION "2.0.1"
#define PACKAGE_STRING "libnsl 2.0.1"
#define PACKAGE_BUGREPORT ""
#define PACKAGE_URL ""
#define PACKAGE "libnsl"
#define VERSION "2.0.1"
#define STDC_HEADERS 1
#define HAVE_SYS_TYPES_H 1
#define HAVE_SYS_STAT_H 1
#define HAVE_STDLIB_H 1
#define HAVE_STRING_H 1
#define HAVE_MEMORY_H 1
#define HAVE_STRINGS_H 1
#define HAVE_INTTYPES_H 1
#define HAVE_STDINT_H 1
#define HAVE_UNISTD_H 1
#define __EXTENSIONS__ 1
#define _ALL_SOURCE 1
#define _GNU_SOURCE 1
#define _POSIX_PTHREAD_SEMANTICS 1
#define _TANDEM_SOURCE 1
#define HAVE_DLFCN_H 1
#define LT_OBJDIR ".libs/"
#define HAVE_TIRPC 1
#define ENABLE_NLS 1
#define HAVE_GETTEXT 1
#define HAVE_DCGETTEXT 1

configure: exit 0
