==================================================
BFS Linux installer log
Started:  2026-08-02T04:49:54+00:00
Script:   ./install-bfs.sh
Log file: /home/gentoo/bfs-linux-install/bfs-install-20260802-044954.log
==================================================

==> Preparing clean installer mount state

Available partitions not yet assigned:
  NUM  DEVICE                   TYPE      SIZE       FSTYPE       LABEL            MOUNTPOINTS
  1    /dev/sda1                part      235.7G     exfat        Ventoy           -
  2    /dev/sda2                part      32M        vfat         VTOYEFI          -
  3    /dev/nvme2n1p1           part      1.8T       f2fs         -                -
  4    /dev/nvme1n1p1           part      3.6T       f2fs         -                -
  5    /dev/nvme0n1p1           part      1G         vfat         -                -
  6    /dev/nvme0n1p2           part      256G       swap         -                -
  7    /dev/nvme0n1p3           part      1.6T       f2fs         -                -

Root filesystem device [1-7]: Selected Root filesystem device: /dev/nvme0n1p3
Formatting choice for root filesystem (/) (/dev/nvme0n1p3):
  1) Keep the existing filesystem
  2) ext2
  3) ext4
  4) XFS
  5) Btrfs
  6) F2FS
Choose [1-6] [1]: Selected format for root filesystem (/): F2FS

Available partitions not yet assigned:
  NUM  DEVICE                   TYPE      SIZE       FSTYPE       LABEL            MOUNTPOINTS
  1    /dev/sda1                part      235.7G     exfat        Ventoy           -
  2    /dev/sda2                part      32M        vfat         VTOYEFI          -
  3    /dev/nvme2n1p1           part      1.8T       f2fs         -                -
  4    /dev/nvme1n1p1           part      3.6T       f2fs         -                -
  5    /dev/nvme0n1p1           part      1G         vfat         -                -
  6    /dev/nvme0n1p2           part      256G       swap         -                -

  0) Skip this partition
Separate /boot device [0-6]: 
Available partitions not yet assigned:
  NUM  DEVICE                   TYPE      SIZE       FSTYPE       LABEL            MOUNTPOINTS
  1    /dev/sda1                part      235.7G     exfat        Ventoy           -
  2    /dev/sda2                part      32M        vfat         VTOYEFI          -
  3    /dev/nvme2n1p1           part      1.8T       f2fs         -                -
  4    /dev/nvme1n1p1           part      3.6T       f2fs         -                -
  5    /dev/nvme0n1p1           part      1G         vfat         -                -
  6    /dev/nvme0n1p2           part      256G       swap         -                -

  0) Skip this partition
EFI System Partition [0-6]: Selected EFI System Partition: /dev/nvme0n1p1
EFI formatting choice for /dev/nvme0n1p1:
  1) Keep the existing filesystem
  2) Format as FAT32 with mkfs.fat -F 32
Choose [1-2] [1]: Selected EFI action: format as FAT32

Available partitions not yet assigned:
  NUM  DEVICE                   TYPE      SIZE       FSTYPE       LABEL            MOUNTPOINTS
  1    /dev/sda1                part      235.7G     exfat        Ventoy           -
  2    /dev/sda2                part      32M        vfat         VTOYEFI          -
  3    /dev/nvme2n1p1           part      1.8T       f2fs         -                -
  4    /dev/nvme1n1p1           part      3.6T       f2fs         -                -
  5    /dev/nvme0n1p2           part      256G       swap         -                -

  0) Skip this partition
Swap device [0-5]: Selected Swap device: /dev/nvme0n1p2
Swap initialization choice for /dev/nvme0n1p2:
  1) Keep the existing swap signature
  2) Reinitialize with mkswap
Choose [1-2] [1]: Selected swap action: initialize with mkswap

Available partitions not yet assigned:
  NUM  DEVICE                   TYPE      SIZE       FSTYPE       LABEL            MOUNTPOINTS
  1    /dev/sda1                part      235.7G     exfat        Ventoy           -
  2    /dev/sda2                part      32M        vfat         VTOYEFI          -
  3    /dev/nvme2n1p1           part      1.8T       f2fs         -                -
  4    /dev/nvme1n1p1           part      3.6T       f2fs         -                -

  0) Skip this partition
Separate /home device [0-4]: Selected Separate /home device: /dev/nvme1n1p1
Formatting choice for /home (/dev/nvme1n1p1):
  1) Keep the existing filesystem
  2) ext2
  3) ext4
  4) XFS
  5) Btrfs
  6) F2FS
Choose [1-6] [1]: Selected format for /home: F2FS
Add another filesystem partition? [y/N]: 
Available partitions not yet assigned:
  NUM  DEVICE                   TYPE      SIZE       FSTYPE       LABEL            MOUNTPOINTS
  1    /dev/sda1                part      235.7G     exfat        Ventoy           -
  2    /dev/sda2                part      32M        vfat         VTOYEFI          -
  3    /dev/nvme2n1p1           part      1.8T       f2fs         -                -

Device for the additional partition [1-3]: Selected Device for the additional partition: /dev/nvme2n1p1
Mount point (for example /var): Formatting choice for /var (/dev/nvme2n1p1):
  1) Keep the existing filesystem
  2) ext2
  3) ext4
  4) XFS
  5) Btrfs
  6) F2FS
Choose [1-6] [1]: Selected format for /var: F2FS
Add another filesystem partition? [y/N]: Path to BFS rootfs archive [/home/gentoo/bfs-linux-install/archives/base/bfs-rootfs-0.9.0-20260726.tar.xz]: Hostname [bfs]: Timezone [America/New_York]: Locale (for example en_US.UTF-8) [en_US.UTF-8]: Regular username: Write and configure the GRUB bootloader? [Y/n]: Network interface [eno2]: Install Linux kernel from ports? [Y/n]: Save a copy of the BFS base archive on the installed system? [Y/n]: Enable the OpenSSH server at boot? [Y/n]: Install and enable NetworkManager? [Y/n]: Install optional disk-encryption tools (LUKS/cryptsetup)? [y/N]: 
BFS installation summary
------------------------
Target:              /mnt/bfs
Archive:             /home/gentoo/bfs-linux-install/archives/base/bfs-rootfs-0.9.0-20260726.tar.xz
Root:                /dev/nvme0n1p3 (format: f2fs)
Boot:                inside root (format: keep)
EFI:                 /dev/nvme0n1p1 (format: vfat)
Swap:                /dev/nvme0n1p2 (format: swap)
Home:                /dev/nvme1n1p1 (format: f2fs)
Additional mounts:
  /var               /dev/nvme2n1p1           format: f2fs
Hostname:            bfs-test
Timezone:            America/New_York
Locale:              en_US.UTF-8
Username:            brian
Boot mode:           uefi
GRUB disk:           not applicable
Network interface:   n
Kernel:              no
Write/configure GRUB: no
Save base archive:   yes
Archive save dir:    /var/cache/bfs/archives/base
Enable OpenSSH:      yes
NetworkManager:      no
LUKS:                no

WARNING: Every partition marked for formatting will be erased.
Continue? [y/N]: 
==> Formatting /dev/nvme0n1p3 as f2fs for /

    F2FS-tools: mkfs.f2fs Ver: 1.16.0 (2023-04-11)

Info: Disable heap-based policy
Info: Debug level = 0
Info: Trim is enabled
	/dev/nvme0n1p3 appears to contain an existing filesystem (f2fs).
Info: Segments per section = 1
Info: Sections per zone = 1
Info: sector size = 512
Info: total sectors = 3368058880 (1644560 MB)
Info: zone aligned segment0 blkaddr: 512
Info: format version with
  "Linux version 7.1.3-gentoo-dist (portage@localhost) (x86_64-pc-linux-gnu-gcc (Gentoo 15.3.0 p8) 15.3.0, GNU ld (Gentoo 2.46.0 p1) 2.46.0) #1 SMP PREEMPT_DYNAMIC Mon Jul  6 03:50:57 UTC 2026"
Info: [/dev/nvme0n1p3] Discarding device
Info: This device doesn't support BLKSECDISCARD
Info: Discarded 1644560 MB
Info: Overprovision ratio = 0.110%
Info: Overprovision segments = 918 (GC reserved = 916)
Info: format successful

==> Formatting /dev/nvme0n1p1 as vfat for /boot/efi
mkfs.fat 4.2 (2021-01-31)

==> Formatting /dev/nvme0n1p2 as swap for swap
mkswap: /dev/nvme0n1p2: warning: wiping old swap signature.
Setting up swapspace version 1, size = 256 GiB (274877902848 bytes)
no label, UUID=5b3d764f-a1ea-436a-9c7b-c1ba534efa27

==> Formatting /dev/nvme1n1p1 as f2fs for /home

    F2FS-tools: mkfs.f2fs Ver: 1.16.0 (2023-04-11)

Info: Disable heap-based policy
Info: Debug level = 0
Info: Trim is enabled
	/dev/nvme1n1p1 appears to contain an existing filesystem (f2fs).
Info: Segments per section = 1
Info: Sections per zone = 1
Info: sector size = 512
Info: total sectors = 7814033408 (3815446 MB)
Info: zone aligned segment0 blkaddr: 512
Info: format version with
  "Linux version 7.1.3-gentoo-dist (portage@localhost) (x86_64-pc-linux-gnu-gcc (Gentoo 15.3.0 p8) 15.3.0, GNU ld (Gentoo 2.46.0 p1) 2.46.0) #1 SMP PREEMPT_DYNAMIC Mon Jul  6 03:50:57 UTC 2026"
Info: [/dev/nvme1n1p1] Discarding device
Info: This device doesn't support BLKSECDISCARD
Info: Discarded 3815446 MB
Info: Overprovision ratio = 0.070%
Info: Overprovision segments = 1437 (GC reserved = 1435)
Info: format successful

==> Formatting /dev/nvme2n1p1 as f2fs for /var

    F2FS-tools: mkfs.f2fs Ver: 1.16.0 (2023-04-11)

Info: Disable heap-based policy
Info: Debug level = 0
Info: Trim is enabled
	/dev/nvme2n1p1 appears to contain an existing filesystem (f2fs).
Info: Segments per section = 1
Info: Sections per zone = 1
Info: sector size = 512
Info: total sectors = 3907026944 (1907728 MB)
Info: zone aligned segment0 blkaddr: 512
Info: format version with
  "Linux version 7.1.3-gentoo-dist (portage@localhost) (x86_64-pc-linux-gnu-gcc (Gentoo 15.3.0 p8) 15.3.0, GNU ld (Gentoo 2.46.0 p1) 2.46.0) #1 SMP PREEMPT_DYNAMIC Mon Jul  6 03:50:57 UTC 2026"
Info: [/dev/nvme2n1p1] Discarding device
Info: This device doesn't support BLKSECDISCARD
Info: Discarded 1907728 MB
Info: Overprovision ratio = 0.100%
Info: Overprovision segments = 1009 (GC reserved = 1007)
Info: format successful

==> Mounting target filesystems

==> Extracting BFS root filesystem

==> Saving BFS base archive

==> Saved base archive to /var/cache/bfs/archives/base/bfs-rootfs-0.9.0-20260726.tar.xz

==> Generating /etc/fstab

==> Mounting virtual filesystems

==> Preparing chroot configuration

==> Entering BFS chroot

==> Setting hostname and timezone

==> Configuring locale
Generate locale en_US.UTF-8...

==> Writing hosts and console configuration

==> Configuring systemd
Initializing machine ID from random generator.

==> Checking account database

==> Creating /etc/shadow from /etc/passwd

==> Creating /etc/gshadow from /etc/group

==> Creating user

Set password for user brian.
New password: 
Retype new password: 
Passwords do not match. Try again.

Set password for user brian.
New password: 
Retype new password: 

Set password for root.
New password: 
Retype new password: 

==> No optional packages were selected; skipping ports synchronization and package installation
ssh-keygen: generating new host keys: RSA ECDSA ED25519 MLDSA44-ED25519 
Created symlink '/etc/systemd/system/multi-user.target.wants/sshd.service' -> '/usr/lib/systemd/system/sshd.service'.
Created symlink '/etc/systemd/system/timers.target.wants/e2scrub_all.timer' -> '/usr/lib/systemd/system/e2scrub_all.timer'.
Created symlink '/etc/systemd/system/multi-user.target.wants/e2scrub_reap.service' -> '/usr/lib/systemd/system/e2scrub_reap.service'.
Created symlink '/etc/systemd/system/timers.target.wants/fstrim.timer' -> '/usr/lib/systemd/system/fstrim.timer'.
Created symlink '/etc/systemd/system/sockets.target.wants/uuidd.socket' -> '/usr/lib/systemd/system/uuidd.socket'.
Created symlink '/etc/systemd/system/autovt@.service' -> '/usr/lib/systemd/system/getty@.service'.
Created symlink '/etc/systemd/system/getty.target.wants/getty@tty1.service' -> '/usr/lib/systemd/system/getty@.service'.
Created symlink '/etc/systemd/system/sysinit.target.wants/systemd-network-generator.service' -> '/usr/lib/systemd/system/systemd-network-generator.service'.
Created symlink '/etc/systemd/system/network-online.target.wants/systemd-networkd-wait-online.service' -> '/usr/lib/systemd/system/systemd-networkd-wait-online.service'.
Created symlink '/etc/systemd/system/dbus-org.freedesktop.network1.service' -> '/usr/lib/systemd/system/systemd-networkd.service'.
Created symlink '/etc/systemd/system/multi-user.target.wants/systemd-networkd.service' -> '/usr/lib/systemd/system/systemd-networkd.service'.
Created symlink '/etc/systemd/system/sockets.target.wants/systemd-networkd.socket' -> '/usr/lib/systemd/system/systemd-networkd.socket'.
Created symlink '/etc/systemd/system/sockets.target.wants/systemd-networkd-varlink.socket' -> '/usr/lib/systemd/system/systemd-networkd-varlink.socket'.
Created symlink '/etc/systemd/system/sockets.target.wants/systemd-networkd-varlink-metrics.socket' -> '/usr/lib/systemd/system/systemd-networkd-varlink-metrics.socket'.
Created symlink '/etc/systemd/system/sockets.target.wants/systemd-networkd-resolve-hook.socket' -> '/usr/lib/systemd/system/systemd-networkd-resolve-hook.socket'.
Created symlink '/etc/systemd/system/dbus-org.freedesktop.oom1.service' -> '/usr/lib/systemd/system/systemd-oomd.service'.
Created symlink '/etc/systemd/system/multi-user.target.wants/systemd-oomd.service' -> '/usr/lib/systemd/system/systemd-oomd.service'.
Created symlink '/etc/systemd/system/sockets.target.wants/systemd-oomd.socket' -> '/usr/lib/systemd/system/systemd-oomd.socket'.
Created symlink '/etc/systemd/system/sysinit.target.wants/systemd-pstore.service' -> '/usr/lib/systemd/system/systemd-pstore.service'.
Created symlink '/etc/systemd/system/dbus-org.freedesktop.resolve1.service' -> '/usr/lib/systemd/system/systemd-resolved.service'.
Created symlink '/etc/systemd/system/sysinit.target.wants/systemd-resolved.service' -> '/usr/lib/systemd/system/systemd-resolved.service'.
Created symlink '/etc/systemd/system/sockets.target.wants/systemd-resolved-varlink.socket' -> '/usr/lib/systemd/system/systemd-resolved-varlink.socket'.
Created symlink '/etc/systemd/system/sockets.target.wants/systemd-resolved-monitor.socket' -> '/usr/lib/systemd/system/systemd-resolved-monitor.socket'.
Created symlink '/etc/systemd/system/dbus-org.freedesktop.timesync1.service' -> '/usr/lib/systemd/system/systemd-timesyncd.service'.
Created symlink '/etc/systemd/system/sysinit.target.wants/systemd-timesyncd.service' -> '/usr/lib/systemd/system/systemd-timesyncd.service'.
Created symlink '/etc/systemd/system/sockets.target.wants/systemd-mountfsd.socket' -> '/usr/lib/systemd/system/systemd-mountfsd.socket'.
Created symlink '/etc/systemd/system/sockets.target.wants/systemd-nsresourced.socket' -> '/usr/lib/systemd/system/systemd-nsresourced.socket'.
Created symlink '/etc/systemd/system/multi-user.target.wants/machines.target' -> '/usr/lib/systemd/system/machines.target'.
Created symlink '/etc/systemd/system/multi-user.target.wants/remote-fs.target' -> '/usr/lib/systemd/system/remote-fs.target'.
Created symlink '/etc/systemd/system/sockets.target.wants/systemd-factory-reset.socket' -> '/usr/lib/systemd/system/systemd-factory-reset.socket'.
Created symlink '/etc/systemd/system/sockets.target.wants/systemd-journald-audit.socket' -> '/usr/lib/systemd/system/systemd-journald-audit.socket'.
Created symlink '/etc/systemd/system/systemd-journald.service.wants/systemd-journald-audit.socket' -> '/usr/lib/systemd/system/systemd-journald-audit.socket'.
Created symlink '/etc/systemd/system/sockets.target.wants/systemd-report-basic.socket' -> '/usr/lib/systemd/system/systemd-report-basic.socket'.
Created symlink '/etc/systemd/system/sockets.target.wants/systemd-report-cgroup.socket' -> '/usr/lib/systemd/system/systemd-report-cgroup.socket'.
Created symlink '/etc/systemd/system/sysinit.target.wants/systemd-sysext.service' -> '/usr/lib/systemd/system/systemd-sysext.service'.
Created symlink '/etc/systemd/system/sockets.target.wants/systemd-storage-fs.socket' -> '/usr/lib/systemd/system/systemd-storage-fs.socket'.
Created symlink '/etc/systemd/system/ctrl-alt-del.target' -> '/usr/lib/systemd/system/reboot.target'.
Created symlink '/etc/systemd/system/sysinit.target.wants/systemd-confext.service' -> '/usr/lib/systemd/system/systemd-confext.service'.
Created symlink '/etc/systemd/system/sockets.target.wants/systemd-imdsd.socket' -> '/usr/lib/systemd/system/systemd-imdsd.socket'.
Created symlink '/etc/systemd/system/sockets.target.wants/systemd-sysext.socket' -> '/usr/lib/systemd/system/systemd-sysext.socket'.
Created symlink '/etc/systemd/system/sockets.target.wants/systemd-storage-block.socket' -> '/usr/lib/systemd/system/systemd-storage-block.socket'.
Created symlink '/etc/systemd/system/sysinit.target.wants/systemd-udev-load-credentials.service' -> '/usr/lib/systemd/system/systemd-udev-load-credentials.service'.
Created symlink '/etc/systemd/system/timers.target.wants/man-db.timer' -> '/usr/lib/systemd/system/man-db.timer'.

==> Skipping GRUB bootloader configuration

==> Running final checks
BFS compiler test passed

==> BFS installation finished successfully

==> Installation complete

Review before rebooting:

    /mnt/bfs/etc/fstab
    /mnt/bfs/etc/hostname
    /mnt/bfs/etc/locale.conf
    /mnt/bfs/boot/grub/grub.cfg

Saved validation manifests:

    /mnt/bfs/root/base-system.manifest
    /mnt/bfs/root/systemd-units.manifest
    /mnt/bfs/root/ldconfig.manifest

Live-environment log: /home/gentoo/bfs-linux-install/bfs-install-20260802-044954.log
