============================================================
BFS Linux Installer
Started:        2026-08-11T05:20:38+00:00
Script:         ./install-bfs-menu-v50-tracker-fixed-r26.sh
Script path:    /mnt/bfs-build/BFSOS/install-bfs-menu-v50-tracker-fixed-r26.sh
Log file:       /mnt/bfs-build/BFSOS/logs/installer/install-20260811-052038.log
Host:           livecd
Kernel:         7.1.3-gentoo-dist
Architecture:   x86_64
Installer PID:  161630
Target:         /mnt/bfs
Locale runtime: LANG=C LC_ALL=C LANGUAGE=C
============================================================

==> Preparing clean installer mount state
mdadm: stopped /dev/md0
  Labels on physical volume "/dev/vdb1" successfully wiped.
  Labels on physical volume "/dev/vdc1" successfully wiped.
  Labels on physical volume "/dev/vdd1" successfully wiped.
  Labels on physical volume "/dev/vde1" successfully wiped.
  Labels on physical volume "/dev/vdf1" successfully wiped.
  Labels on physical volume "/dev/vdg1" successfully wiped.
mdadm: Defaulting to version 1.2 metadata
mdadm: array /dev/md0 started.
/dev/md0: 6 bytes were erased at offset 0x00000000 (crypto_LUKS): 4c 55 4b 53 ba be
/dev/md0: 6 bytes were erased at offset 0x00004000 (crypto_LUKS): 53 4b 55 4c ba be
Installer exited.

============================================================
Finished:       2026-08-11T05:23:14+00:00
Result:         SUCCESS
Exit status:    0
Elapsed:        00:02:36
============================================================
