============================================================
BFS Linux Installer
Started:        2026-08-08T20:52:50+00:00
Script:         ./install-bfs-menu-v43-raid-dialog-fixed.sh
Script path:    /mnt/bfs-build/BFSOS/install-bfs-menu-v43-raid-dialog-fixed.sh
Log file:       /mnt/bfs-build/BFSOS/logs/installer/install-20260808-205250.log
Host:           livecd
Kernel:         7.1.3-gentoo-dist
Architecture:   x86_64
Installer PID:  6728
Target:         /mnt/bfs
Locale runtime: LANG=C LC_ALL=C LANGUAGE=C
============================================================

==> Preparing clean installer mount state
  PV         VG Fmt  Attr PSize    PFree   
  /dev/md0      lvm2 ---  <999.49g <999.49g

  PV         VG Fmt  Attr PSize    PFree   
  /dev/md0      lvm2 ---  <999.49g <999.49g

  Volume group "bfs-vg" successfully created

Press Enter to continue...  VG     #PV #LV #SN Attr    VSize   VFree  
  bfs-vg   1   0   0 wz--n-- 999.48g 999.48g

  Logical volume "home" created.

Press Enter to continue...  VG     #PV #LV #SN Attr    VSize   VFree  
  bfs-vg   1   1   0 wz--n-- 999.48g 499.74g

  Logical volume "var" created.

Press Enter to continue...  PV         VG     Fmt  Attr PSize   PFree
  /dev/md0   bfs-vg lvm2 a--  999.48g    0 


ERROR: Installation stopped near line 1926.

============================================================
Finished:       2026-08-08T20:54:27+00:00
Result:         FAILED
Exit status:    1
Elapsed:        00:01:37
============================================================
