============================================================
BFS Linux Installer
Started:        2026-08-08T20:57:09+00:00
Script:         ./install-bfs-menu-v44-lvm-back-fixed.sh
Script path:    /mnt/bfs-build/BFSOS/install-bfs-menu-v44-lvm-back-fixed.sh
Log file:       /mnt/bfs-build/BFSOS/logs/installer/install-20260808-205709.log
Host:           livecd
Kernel:         7.1.3-gentoo-dist
Architecture:   x86_64
Installer PID:  7008
Target:         /mnt/bfs
Locale runtime: LANG=C LC_ALL=C LANGUAGE=C
============================================================

==> Preparing clean installer mount state
  PV         VG     Fmt  Attr PSize   PFree
  /dev/md0   bfs-vg lvm2 a--  999.48g    0 

  PV         VG     Fmt  Attr PSize   PFree
  /dev/md0   bfs-vg lvm2 a--  999.48g    0 

  VG     #PV #LV #SN Attr    VSize   VFree
  bfs-vg   1   2   0 wz--n-- 999.48g    0 

  LV   VG     Attr       LSize   Pool Origin Data%  Meta%  Move Log Cpy%Sync Convert
  home bfs-vg -wi------- 499.74g                                                    
  var  bfs-vg -wi------- 499.74g                                                    

Press Enter to continue...[H[2J[3JSelected filesystems and mount points
====================================

  NUM  DEVICE                   ACTION       MOUNTPOINT
  ---  ------                   ------       ----------
  1    /dev/vda4                btrfs        /
  2    /dev/vda3                swap         swap
  3    /dev/vda2                ext2         /boot
  4    /dev/vda1                vfat         /boot/efi


Press Enter to continue...Installer exited.

============================================================
Finished:       2026-08-08T21:02:12+00:00
Result:         SUCCESS
Exit status:    0
Elapsed:        00:05:03
============================================================
