============================================================
BFS Linux Installer
Started:        2026-08-10T02:43:08+00:00
Script:         ./install-bfs-menu-v50-tracker-fixed-r6-classic-slackware.sh
Script path:    /mnt/bfs-build/BFSOS/install-bfs-menu-v50-tracker-fixed-r6-classic-slackware.sh
Log file:       /mnt/bfs-build/BFSOS/logs/installer/install-20260810-024308.log
Host:           livecd
Kernel:         7.1.3-gentoo-dist
Architecture:   x86_64
Installer PID:  5634
Target:         /mnt/bfs
Locale runtime: LANG=C LC_ALL=C LANGUAGE=C
============================================================

==> Preparing clean installer mount state
mdadm: No arrays found in config file or automatically
mdadm: Defaulting to version 1.2 metadata
mdadm: array /dev/md0 started.
device-mapper: create ioctl on  CRYPT-LUKS2-39e498681dd0403ab294a2a3e034e64f- failed: Invalid argument
Installer exited.

============================================================
Finished:       2026-08-10T02:46:35+00:00
Result:         SUCCESS
Exit status:    0
Elapsed:        00:03:27
============================================================
