============================================================
BFS Linux Installer
Started:        2026-08-08T07:43:35+00:00
Script:         ./install-bfs-menu-v39-lvm-dialog-validation.sh
Script path:    /mnt/bfs-build/bfs-linux-install/install-bfs-menu-v39-lvm-dialog-validation.sh
Log file:       /mnt/bfs-build/bfs-linux-install/logs/installer/install-20260808-074335.log
Host:           livecd
Kernel:         7.1.3-gentoo-dist
Architecture:   x86_64
Installer PID:  1154676
Target:         /mnt/bfs
Locale runtime: LANG=C LC_ALL=C LANGUAGE=C
============================================================

==> Preparing clean installer mount state
  VG     #PV #LV #SN Attr    VSize   VFree  
  bfs-vg   1   0   0 wz--n-- <32.00g <32.00g


WARNING: Invalid LV size '50%'. Use values such as 10G, 50%, 50%VG, 50%FREE, or 100%FREE.

Press Enter to continue...  VG     #PV #LV #SN Attr    VSize   VFree  
  bfs-vg   1   0   0 wz--n-- <32.00g <32.00g

  PV         VG     Fmt  Attr PSize   PFree  
  /dev/vdb1  bfs-vg lvm2 a--  <32.00g <32.00g

  VG     #PV #LV #SN Attr    VSize   VFree  
  bfs-vg   1   0   0 wz--n-- <32.00g <32.00g


Press Enter to continue...Installer exited.

============================================================
Finished:       2026-08-08T07:46:42+00:00
Result:         SUCCESS
Exit status:    0
Elapsed:        00:03:07
============================================================
