============================================================
BFS Linux Installer
Started:        2026-08-10T05:24:09+00:00
Script:         ./install-bfs-menu-v50-tracker-fixed-r21.sh
Script path:    /mnt/bfs-build/BFSOS/install-bfs-menu-v50-tracker-fixed-r21.sh
Log file:       /mnt/bfs-build/BFSOS/logs/installer/install-20260810-052409.log
Host:           livecd
Kernel:         7.1.3-gentoo-dist
Architecture:   x86_64
Installer PID:  13758
Target:         /mnt/bfs
Locale runtime: LANG=C LC_ALL=C LANGUAGE=C
============================================================

==> Preparing clean installer mount state

WARNING: No filesystems were selected.

Press Enter to continue...Installer exited.

============================================================
Finished:       2026-08-10T05:25:05+00:00
Result:         SUCCESS
Exit status:    0
Elapsed:        00:00:56
============================================================
