============================================================
BFS Linux Installer
Started:        2026-08-11T04:36:12+00:00
Script:         ./install-bfs-menu-v50-tracker-fixed-r26.sh
Script path:    /mnt/bfs-build/BFSOS/install-bfs-menu-v50-tracker-fixed-r26.sh
Log file:       /mnt/bfs-build/BFSOS/logs/installer/install-20260811-043612.log
Host:           livecd
Kernel:         7.1.3-gentoo-dist
Architecture:   x86_64
Installer PID:  5465
Target:         /mnt/bfs
Locale runtime: LANG=C LC_ALL=C LANGUAGE=C
============================================================

==> Preparing clean installer mount state
mdadm: stopped /dev/md127
Installer exited.

============================================================
Finished:       2026-08-11T04:39:27+00:00
Result:         SUCCESS
Exit status:    0
Elapsed:        00:03:15
============================================================
