============================================================
BFS Linux Installer
Started:        2026-08-10T02:53:22+00:00
Script:         ./install-bfs-menu-v50-tracker-fixed-r8-classic-slackware.sh
Script path:    /mnt/bfs-build/BFSOS/install-bfs-menu-v50-tracker-fixed-r8-classic-slackware.sh
Log file:       /mnt/bfs-build/BFSOS/logs/installer/install-20260810-025322.log
Host:           livecd
Kernel:         7.1.3-gentoo-dist
Architecture:   x86_64
Installer PID:  7258
Target:         /mnt/bfs
Locale runtime: LANG=C LC_ALL=C LANGUAGE=C
============================================================

==> Preparing clean installer mount state
mdadm: No arrays found in config file or automatically
Installer exited.

============================================================
Finished:       2026-08-10T02:54:53+00:00
Result:         SUCCESS
Exit status:    0
Elapsed:        00:01:31
============================================================
