============================================================
BFS Linux Installer
Started:        2026-08-08T21:02:42+00:00
Script:         ./install-bfs-menu-v45-filesystem-device-list-fixed.sh
Script path:    /mnt/bfs-build/BFSOS/install-bfs-menu-v45-filesystem-device-list-fixed.sh
Log file:       /mnt/bfs-build/BFSOS/logs/installer/install-20260808-210242.log
Host:           livecd
Kernel:         7.1.3-gentoo-dist
Architecture:   x86_64
Installer PID:  7306
Target:         /mnt/bfs
Locale runtime: LANG=C LC_ALL=C LANGUAGE=C
============================================================

==> Preparing clean installer mount state

WARNING: No filesystems were selected.

Press Enter to continue...[H[2J[3JSoftware RAID status
====================

Personalities : [raid4] [raid5] [raid6] 
md0 : active raid5 vdf1[5] vde1[3] vdd1[2] vdc1[1] vdb1[0]
      1048039424 blocks super 1.2 level 5, 512k chunk, algorithm 2 [5/4] [UUUU_]
      [======>..............]  recovery = 31.1% (81669564/262009856) finish=33.8min speed=88894K/sec
      bitmap: 1/2 pages [4KB], 65536KB chunk

unused devices: <none>

------------------------------------------------------------
/dev/md0:
           Version : 1.2
     Creation Time : Sat Aug  8 20:51:11 2026
        Raid Level : raid5
        Array Size : 1048039424 (999.49 GiB 1073.19 GB)
     Used Dev Size : 262009856 (249.87 GiB 268.30 GB)
      Raid Devices : 5
     Total Devices : 5
       Persistence : Superblock is persistent

     Intent Bitmap : Internal

       Update Time : Sat Aug  8 21:03:08 2026
             State : clean, degraded, recovering 
    Active Devices : 4
   Working Devices : 5
    Failed Devices : 0
     Spare Devices : 1

            Layout : left-symmetric
        Chunk Size : 512K

Consistency Policy : bitmap

    Rebuild Status : 31% complete

              Name : livecd:0  (local to host livecd)
              UUID : b13cc5bb:f663d814:dea41be6:02364300
            Events : 135

    Number   Major   Minor   RaidDevice State
       0     253       17        0      active sync   /dev/vdb1
       1     253       33        1      active sync   /dev/vdc1
       2     253       49        2      active sync   /dev/vdd1
       3     253       65        3      active sync   /dev/vde1
       5     253       81        4      spare rebuilding   /dev/vdf1

------------------------------------------------------------
/dev/md0:
           Version : 1.2
     Creation Time : Sat Aug  8 20:51:11 2026
        Raid Level : raid5
        Array Size : 1048039424 (999.49 GiB 1073.19 GB)
     Used Dev Size : 262009856 (249.87 GiB 268.30 GB)
      Raid Devices : 5
     Total Devices : 5
       Persistence : Superblock is persistent

     Intent Bitmap : Internal

       Update Time : Sat Aug  8 21:03:08 2026
             State : clean, degraded, recovering 
    Active Devices : 4
   Working Devices : 5
    Failed Devices : 0
     Spare Devices : 1

            Layout : left-symmetric
        Chunk Size : 512K

Consistency Policy : bitmap

    Rebuild Status : 31% complete

              Name : livecd:0  (local to host livecd)
              UUID : b13cc5bb:f663d814:dea41be6:02364300
            Events : 135

    Number   Major   Minor   RaidDevice State
       0     253       17        0      active sync   /dev/vdb1
       1     253       33        1      active sync   /dev/vdc1
       2     253       49        2      active sync   /dev/vdd1
       3     253       65        3      active sync   /dev/vde1
       5     253       81        4      spare rebuilding   /dev/vdf1

------------------------------------------------------------
/dev/md0:
           Version : 1.2
     Creation Time : Sat Aug  8 20:51:11 2026
        Raid Level : raid5
        Array Size : 1048039424 (999.49 GiB 1073.19 GB)
     Used Dev Size : 262009856 (249.87 GiB 268.30 GB)
      Raid Devices : 5
     Total Devices : 5
       Persistence : Superblock is persistent

     Intent Bitmap : Internal

       Update Time : Sat Aug  8 21:03:08 2026
             State : clean, degraded, recovering 
    Active Devices : 4
   Working Devices : 5
    Failed Devices : 0
     Spare Devices : 1

            Layout : left-symmetric
        Chunk Size : 512K

Consistency Policy : bitmap

    Rebuild Status : 31% complete

              Name : livecd:0  (local to host livecd)
              UUID : b13cc5bb:f663d814:dea41be6:02364300
            Events : 135

    Number   Major   Minor   RaidDevice State
       0     253       17        0      active sync   /dev/vdb1
       1     253       33        1      active sync   /dev/vdc1
       2     253       49        2      active sync   /dev/vdd1
       3     253       65        3      active sync   /dev/vde1
       5     253       81        4      spare rebuilding   /dev/vdf1

------------------------------------------------------------
/dev/md0:
           Version : 1.2
     Creation Time : Sat Aug  8 20:51:11 2026
        Raid Level : raid5
        Array Size : 1048039424 (999.49 GiB 1073.19 GB)
     Used Dev Size : 262009856 (249.87 GiB 268.30 GB)
      Raid Devices : 5
     Total Devices : 5
       Persistence : Superblock is persistent

     Intent Bitmap : Internal

       Update Time : Sat Aug  8 21:03:08 2026
             State : clean, degraded, recovering 
    Active Devices : 4
   Working Devices : 5
    Failed Devices : 0
     Spare Devices : 1

            Layout : left-symmetric
        Chunk Size : 512K

Consistency Policy : bitmap

    Rebuild Status : 31% complete

              Name : livecd:0  (local to host livecd)
              UUID : b13cc5bb:f663d814:dea41be6:02364300
            Events : 135

    Number   Major   Minor   RaidDevice State
       0     253       17        0      active sync   /dev/vdb1
       1     253       33        1      active sync   /dev/vdc1
       2     253       49        2      active sync   /dev/vdd1
       3     253       65        3      active sync   /dev/vde1
       5     253       81        4      spare rebuilding   /dev/vdf1

------------------------------------------------------------
/dev/md0:
           Version : 1.2
     Creation Time : Sat Aug  8 20:51:11 2026
        Raid Level : raid5
        Array Size : 1048039424 (999.49 GiB 1073.19 GB)
     Used Dev Size : 262009856 (249.87 GiB 268.30 GB)
      Raid Devices : 5
     Total Devices : 5
       Persistence : Superblock is persistent

     Intent Bitmap : Internal

       Update Time : Sat Aug  8 21:03:08 2026
             State : clean, degraded, recovering 
    Active Devices : 4
   Working Devices : 5
    Failed Devices : 0
     Spare Devices : 1

            Layout : left-symmetric
        Chunk Size : 512K

Consistency Policy : bitmap

    Rebuild Status : 31% complete

              Name : livecd:0  (local to host livecd)
              UUID : b13cc5bb:f663d814:dea41be6:02364300
            Events : 135

    Number   Major   Minor   RaidDevice State
       0     253       17        0      active sync   /dev/vdb1
       1     253       33        1      active sync   /dev/vdc1
       2     253       49        2      active sync   /dev/vdd1
       3     253       65        3      active sync   /dev/vde1
       5     253       81        4      spare rebuilding   /dev/vdf1

Press Enter to continue...  PV         VG     Fmt  Attr PSize   PFree
  /dev/md0   bfs-vg lvm2 a--  999.48g    0 

  VG     #PV #LV #SN Attr    VSize   VFree
  bfs-vg   1   2   0 wz--n-- 999.48g    0 

  LV   VG     Attr       LSize   Pool Origin Data%  Meta%  Move Log Cpy%Sync Convert
  home bfs-vg -wi------- 499.74g                                                    
  var  bfs-vg -wi------- 499.74g                                                    

Press Enter to continue...
WARNING: No filesystems were selected.

Press Enter to continue...Installer exited.

============================================================
Finished:       2026-08-08T21:04:37+00:00
Result:         SUCCESS
Exit status:    0
Elapsed:        00:01:55
============================================================
