============================================================
BFS Linux Installer
Started:        2026-08-10T05:01:36+00:00
Script:         ./install-bfs-menu-v50-tracker-fixed-r21.sh
Script path:    /mnt/bfs-build/BFSOS/install-bfs-menu-v50-tracker-fixed-r21.sh
Log file:       /mnt/bfs-build/BFSOS/logs/installer/install-20260810-050136.log
Host:           livecd
Kernel:         7.1.3-gentoo-dist
Architecture:   x86_64
Installer PID:  8161
Target:         /mnt/bfs
Locale runtime: LANG=C LC_ALL=C LANGUAGE=C
============================================================

==> Preparing clean installer mount state

Starting cfdisk for /dev/vda...
Changes are written only when you choose Write in cfdisk.

[H[2J[3Jc]104[!p[?3;4l[4l>[?69l[H[2J[3Jc]104[!p[?3;4l[4l>[?69lmdadm: Defaulting to version 1.2 metadata
mdadm: array /dev/md0 started.
  Physical volume "/dev/mapper/cryptroot" successfully created.
  Physical volume "/dev/mapper/cryptraid" successfully created.
  Volume group "bfs-vg" successfully created
  Volume group "bfs-root" successfully created
  Logical volume "root" created.
  Logical volume "usr" created.
  Reducing 50%VG to remaining free space 83.92 GiB in VG.
  Logical volume "opt" created.
  Logical volume "home" created.
  Logical volume "var" created.

ERROR: Installation cancelled.

============================================================
Finished:       2026-08-10T05:21:03+00:00
Result:         FAILED
Exit status:    1
Elapsed:        00:19:27
============================================================
