============================================================
BFS Linux Installer
Started:        2026-08-08T03:09:47-04:00
Script:         ./install-bfs-menu-v37-clean-target-mountpoint.sh
Script path:    /home/brian/bfs-linux-install/install-bfs-menu-v37-clean-target-mountpoint.sh
Log file:       /home/brian/bfs-linux-install/logs/installer/install-20260808-030947.log
Host:           unknown
Kernel:         6.18.42-1-lts
Architecture:   x86_64
Installer PID:  127913
Target:         /mnt/bfs
Locale runtime: LANG=C LC_ALL=C LANGUAGE=C
============================================================

==> Preparing clean installer mount state

==> Disabling active swap before partition selection
[H[2J[3J============================================================
                  BFS Linux Installer
============================================================

Configure each section, then select Install BFS.
The installer authenticates once and all installation actions run as root.

  1) Storage assignment         [pending]
  2) Base archive               [pending]
  3) System settings            [pending]
  4) User accounts              [pending]
  5) Kernel selection           [pending]
  6) Networking                 [pending]
  7) Optional software          [pending]
  8) Sudo configuration         [pending]
  9) Bootloader                 [pending]
 10) Review selections          [AVAILABLE]
 11) Install BFS                 [PENDING]
 12) Chroot into target          [PENDING]
 13) Quit                        [EXIT]

Choose [1-14; 14=Settings]: Installer exited.

============================================================
Finished:       2026-08-08T03:10:03-04:00
Result:         SUCCESS
Exit status:    0
Elapsed:        00:00:16
============================================================
