============================================================
BFS Linux Installer
Started:        2026-08-11T04:49:27+00:00
Script:         ./install-bfs-menu-v50-tracker-fixed-r26.sh
Script path:    /mnt/bfs-build/BFSOS/install-bfs-menu-v50-tracker-fixed-r26.sh
Log file:       /mnt/bfs-build/BFSOS/logs/installer/install-20260811-044927.log
Host:           livecd
Kernel:         7.1.3-gentoo-dist
Architecture:   x86_64
Installer PID:  6860
Target:         /mnt/bfs
Locale runtime: LANG=C LC_ALL=C LANGUAGE=C
============================================================

==> Preparing clean installer mount state
mdadm: cannot open /dev/vdb1: Device or resource busy

ERROR: command failed
  Exit status : 2
  Source      : ./install-bfs-menu-v50-tracker-fixed-r26.sh
  Line        : 2139
  Function    : create_raid_array
  Command     : mdadm --create "$array_device" --run --force --level="$raid_level" --raid-devices="${#members[@]}" "${bitmap_args[@]}" "${members[@]}"
  Caller      : 2139 create_raid_array ./install-bfs-menu-v50-tracker-fixed-r26.sh

============================================================
Finished:       2026-08-11T04:49:46+00:00
Result:         FAILED
Exit status:    2
Elapsed:        00:00:19
============================================================
