============================================================
BFS Linux Installer
Started:        2026-08-10T04:39:55+00:00
Script:         ./install-bfs-menu-v50-tracker-fixed-r21.sh
Script path:    /mnt/bfs-build/BFSOS/install-bfs-menu-v50-tracker-fixed-r21.sh
Log file:       /mnt/bfs-build/BFSOS/logs/installer/install-20260810-043955.log
Host:           livecd
Kernel:         7.1.3-gentoo-dist
Architecture:   x86_64
Installer PID:  5526
Target:         /mnt/bfs
Locale runtime: LANG=C LC_ALL=C LANGUAGE=C
============================================================

==> Preparing clean installer mount state

WARNING: No 20-pixel console font was found; keeping the current console font.

Starting cfdisk for /dev/vda...
Changes are written only when you choose Write in cfdisk.

[H[2J[3Jc]104[!p[?3;4l[4l>[?69l[H[2J[3Jc]104[!p[?3;4l[4l>[?69lmdadm: Defaulting to version 1.2 metadata
mdadm: array /dev/md0 started.
Installer exited.

============================================================
Finished:       2026-08-10T04:57:37+00:00
Result:         SUCCESS
Exit status:    0
Elapsed:        00:17:42
============================================================
