
BFS-Linux Home Migration Utility
================================
1) Remove /etc/skel files from home folder(s)
2) Back up home folder(s)
3) Restore a home-folder backup
4) Quit

Choose [1-4]: Please choose 1, 2, 3, or 4.

BFS-Linux Home Migration Utility
================================
1) Remove /etc/skel files from home folder(s)
2) Back up home folder(s)
3) Restore a home-folder backup
4) Quit

Choose [1-4]: Please choose 1, 2, 3, or 4.

BFS-Linux Home Migration Utility
================================
1) Remove /etc/skel files from home folder(s)
2) Back up home folder(s)
3) Restore a home-folder backup
4) Quit

Choose [1-4]: Please choose 1, 2, 3, or 4.

BFS-Linux Home Migration Utility
================================
1) Remove /etc/skel files from home folder(s)
2) Back up home folder(s)
3) Restore a home-folder backup
4) Quit

Choose [1-4]: Please choose 1, 2, 3, or 4.

BFS-Linux Home Migration Utility
================================
1) Remove /etc/skel files from home folder(s)
2) Back up home folder(s)
3) Restore a home-folder backup
4) Quit

Choose [1-4]: Please choose 1, 2, 3, or 4.

BFS-Linux Home Migration Utility
================================
1) Remove /etc/skel files from home folder(s)
2) Back up home folder(s)
3) Restore a home-folder backup
4) Quit

Choose [1-4]: Please choose 1, 2, 3, or 4.

BFS-Linux Home Migration Utility
================================
1) Remove /etc/skel files from home folder(s)
2) Back up home folder(s)
3) Restore a home-folder backup
4) Quit

Choose [1-4]: Goodbye.
