... checked 25/180
... checked 50/180
... checked 75/180
... checked 100/180
... checked 125/180
... checked 150/180
... checked 175/180
... checked 180/180
BFSOS verified upstream version checker v10
Ports: 180   Jobs: 80   Timeout: 2s
Policy: UPDATE is emitted only when the provider can map the current version back to the same release set.

FETCH-ERROR  xorg/bdftopcf                              1.1.2  [source]  curl: (28) Resolving timed out after 3000 milliseconds
FETCH-ERROR  xorg/fontconfig                            2.18.3  [source]  curl: (28) Resolving timed out after 3000 milliseconds
FETCH-ERROR  xorg/glew                                  2.3.1  [source]  curl: (28) Resolving timed out after 3000 milliseconds
FETCH-ERROR  xorg/glu                                   9.0.3  [source]  curl: (28) Resolving timed out after 3000 milliseconds
FETCH-ERROR  xorg/iceauth                               1.0.11  [source]  curl: (28) Resolving timed out after 3001 milliseconds
FETCH-ERROR  xorg/libFS                                 1.0.10  [source]  curl: (28) Resolving timed out after 3000 milliseconds
FETCH-ERROR  xorg/libICE                                1.1.2  [source]  curl: (28) Resolving timed out after 3001 milliseconds
FETCH-ERROR  xorg/libSM                                 1.2.6  [source]  curl: (28) Resolving timed out after 3001 milliseconds
FETCH-ERROR  xorg/libX11                                1.8.13  [source]  curl: (28) Resolving timed out after 3000 milliseconds
FETCH-ERROR  xorg/libXScrnSaver                         1.2.5  [source]  curl: (28) Resolving timed out after 3001 milliseconds
FETCH-ERROR  xorg/libXau                                1.0.12  [source]  curl: (28) Resolving timed out after 3000 milliseconds
FETCH-ERROR  xorg/libXaw                                1.0.16  [source]  curl: (28) Resolving timed out after 3001 milliseconds
FETCH-ERROR  xorg/libXcomposite                         0.4.7  [source]  curl: (28) Resolving timed out after 3000 milliseconds
FETCH-ERROR  xorg/libXcursor                            1.2.3  [source]  curl: (28) Resolving timed out after 3001 milliseconds
FETCH-ERROR  xorg/libXdamage                            1.1.7  [source]  curl: (28) Resolving timed out after 3000 milliseconds
FETCH-ERROR  xorg/libXdmcp                              1.1.5  [source]  curl: (28) Resolving timed out after 3000 milliseconds
FETCH-ERROR  xorg/libXext                               1.3.7  [source]  curl: (28) Resolving timed out after 3001 milliseconds
FETCH-ERROR  xorg/libXfixes                             6.0.2  [source]  curl: (28) Resolving timed out after 3000 milliseconds
FETCH-ERROR  xorg/libXfont2                             2.0.9  [source]  curl: (28) Resolving timed out after 3001 milliseconds
FETCH-ERROR  xorg/libXft                                2.3.9  [source]  curl: (28) Resolving timed out after 3001 milliseconds
FETCH-ERROR  xorg/libXi                                 1.8.3  [source]  curl: (28) Resolving timed out after 3000 milliseconds
FETCH-ERROR  xorg/libXinerama                           1.1.6  [source]  curl: (28) Resolving timed out after 3001 milliseconds
FETCH-ERROR  xorg/libXmu                                1.3.1  [source]  curl: (28) Resolving timed out after 3000 milliseconds
FETCH-ERROR  xorg/libXpm                                3.5.19  [source]  curl: (28) Resolving timed out after 3000 milliseconds
FETCH-ERROR  xorg/libXpresent                           1.0.2  [source]  curl: (28) Resolving timed out after 3000 milliseconds
FETCH-ERROR  xorg/libXrandr                             1.5.5  [source]  curl: (28) Resolving timed out after 3000 milliseconds
FETCH-ERROR  xorg/libXrender                            0.9.12  [source]  curl: (28) Resolving timed out after 3000 milliseconds
FETCH-ERROR  xorg/libXres                               1.2.3  [source]  curl: (28) Resolving timed out after 3000 milliseconds
FETCH-ERROR  xorg/libXt                                 1.3.1  [source]  curl: (28) Resolving timed out after 3000 milliseconds
FETCH-ERROR  xorg/libXtst                               1.2.5  [source]  curl: (28) Resolving timed out after 3000 milliseconds
FETCH-ERROR  xorg/libXv                                 1.0.13  [source]  curl: (28) Resolving timed out after 3001 milliseconds
FETCH-ERROR  xorg/libXvMC                               1.0.15  [source]  curl: (28) Resolving timed out after 3000 milliseconds
FETCH-ERROR  xorg/libXxf86dga                           1.1.7  [source]  curl: (28) Resolving timed out after 3000 milliseconds
FETCH-ERROR  xorg/libXxf86vm                            1.1.7  [source]  curl: (28) Resolving timed out after 3001 milliseconds
FETCH-ERROR  xorg/libdrm                                2.4.134  [source]  curl: (28) Resolving timed out after 3000 milliseconds
FETCH-ERROR  xorg/libepoxy                              1.5.10  [source]  curl: (28) Resolving timed out after 3000 milliseconds
FETCH-ERROR  xorg/libevdev                              1.13.7  [source]  curl: (28) Resolving timed out after 3000 milliseconds
FETCH-ERROR  xorg/libfontenc                            1.1.9  [source]  curl: (28) Resolving timed out after 3000 milliseconds
FETCH-ERROR  xorg/libglvnd                              1.7.0  [source]  curl: (28) Resolving timed out after 3000 milliseconds
FETCH-ERROR  xorg/libinput                              1.31.3  [source]  curl: (28) Resolving timed out after 3000 milliseconds
FETCH-ERROR  xorg/libpciaccess                          0.19  [source]  curl: (28) Resolving timed out after 3000 milliseconds
FETCH-ERROR  xorg/libpthread-stubs                      0.5  [source]  curl: (28) Resolving timed out after 3000 milliseconds
FETCH-ERROR  xorg/libunwind                             1.8.3  [source]  curl: (28) Resolving timed out after 3001 milliseconds
FETCH-ERROR  xorg/libva                                 2.24.1  [source]  curl: (28) Resolving timed out after 3001 milliseconds
FETCH-ERROR  xorg/libvdpau                              1.5  [source]  curl: (28) Resolving timed out after 3001 milliseconds
FETCH-ERROR  xorg/libvdpau-va-gl                        0.4.2  [source]  curl: (28) Resolving timed out after 3001 milliseconds
FETCH-ERROR  xorg/libxcb                                1.17.0  [source]  curl: (28) Resolving timed out after 3000 milliseconds
FETCH-ERROR  xorg/libxcvt                               0.1.3  [source]  curl: (28) Resolving timed out after 3000 milliseconds
FETCH-ERROR  xorg/libxkbcommon                          1.13.2  [source]  curl: (28) Resolving timed out after 3000 milliseconds
FETCH-ERROR  xorg/libxkbfile                            1.2.0  [source]  curl: (28) Resolving timed out after 3000 milliseconds
FETCH-ERROR  xorg/libxshmfence                          1.3.3  [source]  curl: (28) Resolving timed out after 3000 milliseconds
FETCH-ERROR  xorg/luit                                  20250912  [source]  curl: (28) Resolving timed out after 3000 milliseconds
FETCH-ERROR  xorg/mesa                                  26.2.3  [source]  curl: (28) Resolving timed out after 3000 milliseconds
FETCH-ERROR  xorg/mesa-demos                            9.0.0  [source]  curl: (28) Resolving timed out after 3001 milliseconds
FETCH-ERROR  xorg/mkfontscale                           1.2.4  [source]  curl: (28) Resolving timed out after 3001 milliseconds
FETCH-ERROR  xorg/mtdev                                 1.1.7  [source]  curl: (28) Resolving timed out after 3000 milliseconds
FETCH-ERROR  xorg/pixman                                0.46.4  [source]  curl: (28) Resolving timed out after 3001 milliseconds
FETCH-ERROR  xorg/sessreg                               1.1.4  [source]  curl: (28) Resolving timed out after 3001 milliseconds
FETCH-ERROR  xorg/setxkbmap                             1.3.5  [source]  curl: (28) Resolving timed out after 3000 milliseconds
FETCH-ERROR  xorg/smproxy                               1.0.8  [source]  curl: (28) Resolving timed out after 3002 milliseconds
FETCH-ERROR  xorg/twm                                   1.0.13.1  [source]  curl: (28) Resolving timed out after 3000 milliseconds
FETCH-ERROR  xorg/util-macros                           1.20.2  [source]  curl: (28) Resolving timed out after 3000 milliseconds
FETCH-ERROR  xorg/wayland                               1.26.0  [source]  curl: (28) Resolving timed out after 3008 milliseconds
FETCH-ERROR  xorg/wayland-protocols                     1.49  [source]  curl: (28) Resolving timed out after 3001 milliseconds
FETCH-ERROR  xorg/x11perf                               1.7.0  [source]  curl: (28) Resolving timed out after 3001 milliseconds
FETCH-ERROR  xorg/xauth                                 1.1.5  [source]  curl: (28) Resolving timed out after 3000 milliseconds
FETCH-ERROR  xorg/xbacklight                            1.2.4  [source]  curl: (28) Resolving timed out after 3000 milliseconds
FETCH-ERROR  xorg/xbitmaps                              1.1.4  [source]  curl: (28) Resolving timed out after 3000 milliseconds
FETCH-ERROR  xorg/xcb-proto                             1.17.0  [source]  curl: (28) Resolving timed out after 3001 milliseconds
FETCH-ERROR  xorg/xcb-util                              0.4.1  [source]  curl: (28) Resolving timed out after 3000 milliseconds
FETCH-ERROR  xorg/xcb-util-cursor                       0.1.6  [source]  curl: (28) Resolving timed out after 3001 milliseconds
FETCH-ERROR  xorg/xcb-util-image                        0.4.1  [source]  curl: (28) Resolving timed out after 3001 milliseconds
FETCH-ERROR  xorg/xcb-util-keysyms                      0.4.1  [source]  curl: (28) Resolving timed out after 3000 milliseconds
FETCH-ERROR  xorg/xcb-util-renderutil                   0.3.10  [source]  curl: (28) Resolving timed out after 3001 milliseconds
FETCH-ERROR  xorg/xcb-util-wm                           0.4.2  [source]  curl: (28) Resolving timed out after 3001 milliseconds
FETCH-ERROR  xorg/xclip                                 0.13  [source]  curl: (28) Resolving timed out after 3004 milliseconds
FETCH-ERROR  xorg/xclock                                1.2.1  [source]  curl: (28) Resolving timed out after 3000 milliseconds
FETCH-ERROR  xorg/xcmsdb                                1.0.7  [source]  curl: (28) Resolving timed out after 3000 milliseconds
FETCH-ERROR  xorg/xcursor-themes                        1.0.7  [source]  curl: (28) Resolving timed out after 3000 milliseconds
FETCH-ERROR  xorg/xcursorgen                            1.0.9  [source]  curl: (28) Resolving timed out after 3000 milliseconds
FETCH-ERROR  xorg/xdg-utils                             v1.2.1  [source]  curl: (28) Resolving timed out after 3000 milliseconds
FETCH-ERROR  xorg/xdpyinfo                              1.4.0  [source]  curl: (28) Resolving timed out after 3000 milliseconds
FETCH-ERROR  xorg/xdriinfo                              1.0.8  [source]  curl: (28) Resolving timed out after 3003 milliseconds
FETCH-ERROR  xorg/xev                                   1.2.7  [source]  curl: (28) Resolving timed out after 3000 milliseconds
FETCH-ERROR  xorg/xf86-input-elographics                1.4.4  [source]  curl: (28) Resolving timed out after 3000 milliseconds
FETCH-ERROR  xorg/xf86-input-evdev                      2.11.0  [source]  curl: (28) Resolving timed out after 3000 milliseconds
FETCH-ERROR  xorg/xf86-input-joystick                   1.6.4  [source]  curl: (28) Resolving timed out after 3000 milliseconds
FETCH-ERROR  xorg/xf86-input-libinput                   1.5.0  [source]  curl: (28) Resolving timed out after 3000 milliseconds
FETCH-ERROR  xorg/xf86-input-synaptics                  1.10.0  [source]  curl: (28) Resolving timed out after 3000 milliseconds
FETCH-ERROR  xorg/xf86-input-vmmouse                    13.2.0  [source]  curl: (28) Resolving timed out after 3000 milliseconds
FETCH-ERROR  xorg/xf86-input-wacom                      1.2.4  [source]  curl: (28) Resolving timed out after 3000 milliseconds
FETCH-ERROR  xorg/xf86-video-amdgpu                     25.0.0  [source]  curl: (28) Resolving timed out after 3001 milliseconds
FETCH-ERROR  xorg/xf86-video-ast                        1.2.1  [source]  curl: (28) Resolving timed out after 3000 milliseconds
FETCH-ERROR  xorg/xf86-video-ati                        22.0.0  [source]  curl: (28) Resolving timed out after 3000 milliseconds
FETCH-ERROR  xorg/xf86-video-cirrus                     1.6.0  [source]  curl: (28) Resolving timed out after 3000 milliseconds
FETCH-ERROR  xorg/xf86-video-dummy                      0.4.1  [source]  curl: (28) Resolving timed out after 3000 milliseconds
FETCH-ERROR  xorg/xf86-video-fbdev                      0.5.1  [source]  curl: (28) Resolving timed out after 3000 milliseconds
FETCH-ERROR  xorg/xf86-video-intel                      2.99.917-931  [source]  curl: (28) Resolving timed out after 3000 milliseconds
FETCH-ERROR  xorg/xf86-video-mga                        2.1.0  [source]  curl: (28) Resolving timed out after 3000 milliseconds
FETCH-ERROR  xorg/xf86-video-neomagic                   1.3.1  [source]  curl: (28) Resolving timed out after 3000 milliseconds
FETCH-ERROR  xorg/xf86-video-nouveau                    1.0.18  [source]  curl: (28) Resolving timed out after 3000 milliseconds
FETCH-ERROR  xorg/xf86-video-openchrome                 0.6.0  [source]  curl: (28) Resolving timed out after 3001 milliseconds
FETCH-ERROR  xorg/xf86-video-siliconmotion              1.7.9  [source]  curl: (28) Resolving timed out after 3000 milliseconds
FETCH-ERROR  xorg/xf86-video-sis                        0.12.0  [source]  curl: (28) Resolving timed out after 3000 milliseconds
FETCH-ERROR  xorg/xf86-video-vboxvideo                  1.0.0  [source]  curl: (28) Resolving timed out after 3001 milliseconds
FETCH-ERROR  xorg/xf86-video-vesa                       2.6.0  [source]  curl: (28) Resolving timed out after 3000 milliseconds
FETCH-ERROR  xorg/xf86-video-vmware                     13.4.0  [source]  curl: (28) Resolving timed out after 3000 milliseconds
FETCH-ERROR  xorg/xgamma                                1.0.8  [source]  curl: (28) Resolving timed out after 3000 milliseconds
FETCH-ERROR  xorg/xhost                                 1.0.10  [source]  curl: (28) Resolving timed out after 3000 milliseconds
FETCH-ERROR  xorg/xinit                                 1.4.4  [source]  curl: (28) Resolving timed out after 3000 milliseconds
FETCH-ERROR  xorg/xinput                                1.6.4  [source]  curl: (28) Resolving timed out after 3000 milliseconds
FETCH-ERROR  xorg/xkbcomp                               1.5.0  [source]  curl: (28) Resolving timed out after 3000 milliseconds
FETCH-ERROR  xorg/xkbevd                                1.1.6  [source]  curl: (28) Resolving timed out after 3000 milliseconds
FETCH-ERROR  xorg/xkbutils                              1.0.7  [source]  curl: (28) Resolving timed out after 3000 milliseconds
FETCH-ERROR  xorg/xkeyboard-config                      2.48  [source]  curl: (28) Resolving timed out after 3001 milliseconds
FETCH-ERROR  xorg/xkill                                 1.0.7  [source]  curl: (28) Resolving timed out after 3001 milliseconds
FETCH-ERROR  xorg/xlsatoms                              1.1.5  [source]  curl: (28) Resolving timed out after 3001 milliseconds
FETCH-ERROR  xorg/xlsclients                            1.1.6  [source]  curl: (28) Resolving timed out after 3000 milliseconds
FETCH-ERROR  xorg/xmessage                              1.0.7  [source]  curl: (28) Resolving timed out after 3000 milliseconds
FETCH-ERROR  xorg/xmodmap                               1.0.12  [source]  curl: (28) Resolving timed out after 3001 milliseconds
SKIP         xorg/xorg                                  7x  local/meta port: no remote source
SKIP         xorg/xorg-apps                             7x  local/meta port: no remote source
SKIP         xorg/xorg-driver                           7x  local/meta port: no remote source
FETCH-ERROR  xorg/xorg-font-adobe-100dpi                1.0.4  [source]  curl: (28) Resolving timed out after 3000 milliseconds
FETCH-ERROR  xorg/xorg-font-adobe-75dpi                 1.0.4  [source]  curl: (28) Resolving timed out after 3001 milliseconds
FETCH-ERROR  xorg/xorg-font-adobe-utopia-100dpi         1.0.5  [source]  curl: (28) Resolving timed out after 3001 milliseconds
FETCH-ERROR  xorg/xorg-font-adobe-utopia-75dpi          1.0.5  [source]  curl: (28) Resolving timed out after 3000 milliseconds
FETCH-ERROR  xorg/xorg-font-adobe-utopia-type1          1.0.5  [source]  curl: (28) Resolving timed out after 3000 milliseconds
FETCH-ERROR  xorg/xorg-font-alias                       1.0.6  [source]  curl: (28) Resolving timed out after 3000 milliseconds
FETCH-ERROR  xorg/xorg-font-arabic-misc                 1.0.4  [source]  curl: (28) Resolving timed out after 3000 milliseconds
FETCH-ERROR  xorg/xorg-font-bh-100dpi                   1.0.4  [source]  curl: (28) Resolving timed out after 3000 milliseconds
FETCH-ERROR  xorg/xorg-font-bh-75dpi                    1.0.4  [source]  curl: (28) Resolving timed out after 3001 milliseconds
FETCH-ERROR  xorg/xorg-font-bh-lucidatypewriter-100dpi  1.0.4  [source]  curl: (28) Resolving timed out after 3001 milliseconds
FETCH-ERROR  xorg/xorg-font-bh-lucidatypewriter-75dpi   1.0.4  [source]  curl: (28) Resolving timed out after 3000 milliseconds
FETCH-ERROR  xorg/xorg-font-bh-ttf                      1.0.3  [source]  curl: (28) Resolving timed out after 3000 milliseconds
FETCH-ERROR  xorg/xorg-font-bh-type1                    1.0.4  [source]  curl: (28) Resolving timed out after 3001 milliseconds
FETCH-ERROR  xorg/xorg-font-bitstream-100dpi            1.0.4  [source]  curl: (28) Resolving timed out after 3000 milliseconds
FETCH-ERROR  xorg/xorg-font-bitstream-75dpi             1.0.4  [source]  curl: (28) Resolving timed out after 3000 milliseconds
FETCH-ERROR  xorg/xorg-font-bitstream-type1             1.0.4  [source]  curl: (28) Resolving timed out after 3000 milliseconds
FETCH-ERROR  xorg/xorg-font-bitstream-vera              1.10  [source]  curl: (28) Resolving timed out after 3000 milliseconds
FETCH-ERROR  xorg/xorg-font-cronyx-cyrillic             1.0.4  [source]  curl: (28) Resolving timed out after 3000 milliseconds
FETCH-ERROR  xorg/xorg-font-cursor-misc                 1.0.3  [source]  curl: (28) Resolving timed out after 3000 milliseconds
FETCH-ERROR  xorg/xorg-font-daewoo-misc                 1.0.3  [source]  curl: (28) Resolving timed out after 3001 milliseconds
FETCH-ERROR  xorg/xorg-font-dec-misc                    1.0.3  [source]  curl: (28) Resolving timed out after 3001 milliseconds
FETCH-ERROR  xorg/xorg-font-dejavu-ttf                  2.37  [source]  curl: (28) Resolving timed out after 3001 milliseconds
FETCH-ERROR  xorg/xorg-font-ibm-type1                   1.0.4  [source]  curl: (28) Resolving timed out after 3000 milliseconds
FETCH-ERROR  xorg/xorg-font-isas-misc                   1.0.4  [source]  curl: (28) Resolving timed out after 3000 milliseconds
FETCH-ERROR  xorg/xorg-font-jis-misc                    1.0.3  [source]  curl: (28) Resolving timed out after 3000 milliseconds
FETCH-ERROR  xorg/xorg-font-micro-misc                  1.0.4  [source]  curl: (28) Resolving timed out after 3001 milliseconds
FETCH-ERROR  xorg/xorg-font-misc-cyrillic               1.0.4  [source]  curl: (28) Resolving timed out after 3000 milliseconds
FETCH-ERROR  xorg/xorg-font-misc-ethiopic               1.0.5  [source]  curl: (28) Resolving timed out after 3000 milliseconds
FETCH-ERROR  xorg/xorg-font-misc-meltho                 1.0.3  [source]  curl: (28) Resolving timed out after 3001 milliseconds
FETCH-ERROR  xorg/xorg-font-misc-misc                   1.1.2  [source]  curl: (28) Resolving timed out after 3001 milliseconds
FETCH-ERROR  xorg/xorg-font-mutt-misc                   1.0.4  [source]  curl: (28) Resolving timed out after 3001 milliseconds
FETCH-ERROR  xorg/xorg-font-schumacher-misc             1.1.2  [source]  curl: (28) Resolving timed out after 3001 milliseconds
FETCH-ERROR  xorg/xorg-font-screen-cyrillic             1.0.5  [source]  curl: (28) Resolving timed out after 3000 milliseconds
FETCH-ERROR  xorg/xorg-font-sony-misc                   1.0.3  [source]  curl: (28) Resolving timed out after 3000 milliseconds
FETCH-ERROR  xorg/xorg-font-sun-misc                    1.0.3  [source]  curl: (28) Resolving timed out after 3001 milliseconds
FETCH-ERROR  xorg/xorg-font-util                        1.4.2  [source]  curl: (28) Resolving timed out after 3000 milliseconds
FETCH-ERROR  xorg/xorg-font-winitzki-cyrillic           1.0.4  [source]  curl: (28) Resolving timed out after 3000 milliseconds
FETCH-ERROR  xorg/xorg-font-xfree86-type1               1.0.5  [source]  curl: (28) Resolving timed out after 3000 milliseconds
SKIP         xorg/xorg-fonts                            7x  local/meta port: no remote source
SKIP         xorg/xorg-libs                             7x  local/meta port: no remote source
FETCH-ERROR  xorg/xorg-server                           21.1.24  [source]  curl: (28) Resolving timed out after 3000 milliseconds
FETCH-ERROR  xorg/xorgproto                             2025.1  [source]  curl: (28) Resolving timed out after 3001 milliseconds
FETCH-ERROR  xorg/xpr                                   1.2.1  [source]  curl: (28) Resolving timed out after 3000 milliseconds
FETCH-ERROR  xorg/xprop                                 1.2.8  [source]  curl: (28) Resolving timed out after 3000 milliseconds
FETCH-ERROR  xorg/xrandr                                1.5.4  [source]  curl: (28) Resolving timed out after 3000 milliseconds
FETCH-ERROR  xorg/xrdb                                  1.2.3  [source]  curl: (28) Resolving timed out after 3000 milliseconds
FETCH-ERROR  xorg/xrefresh                              1.1.1  [source]  curl: (28) Resolving timed out after 3000 milliseconds
FETCH-ERROR  xorg/xscreensaver                          6.15  [source]  curl: (28) Resolving timed out after 3000 milliseconds
FETCH-ERROR  xorg/xset                                  1.2.6  [source]  curl: (28) Resolving timed out after 3001 milliseconds
FETCH-ERROR  xorg/xsetroot                              1.1.4  [source]  curl: (28) Resolving timed out after 3000 milliseconds
FETCH-ERROR  xorg/xterm                                 411  [source]  curl: (6) Could not resolve host: invisible-mirror.net
FETCH-ERROR  xorg/xtrans                                1.6.0  [source]  curl: (28) Resolving timed out after 3001 milliseconds
FETCH-ERROR  xorg/xvinfo                                1.1.6  [source]  curl: (28) Resolving timed out after 3001 milliseconds
FETCH-ERROR  xorg/xwayland                              24.1.13  [source]  curl: (28) Resolving timed out after 3001 milliseconds
FETCH-ERROR  xorg/xwd                                   1.0.10  [source]  curl: (28) Resolving timed out after 3000 milliseconds
FETCH-ERROR  xorg/xwininfo                              1.1.7  [source]  curl: (28) Resolving timed out after 3001 milliseconds
FETCH-ERROR  xorg/xwud                                  1.0.8  [source]  curl: (28) Resolving timed out after 3001 milliseconds

Summary:
  CURRENT      0
  UPDATE       0
  UNVERIFIABLE 0
  FETCH-ERROR  175
  SKIP         5
  ERROR        0
  TOTAL        180
  ELAPSED      24.1s
TSV: /tmp/xorg-version-r340.tsv
